Archive member included to satisfy reference by file (symbol)

/opt/toolchains/sega/sh-elf/sh-elf/lib/libc.a(lib_a-memset.o)
                              /tmp/D32XR.elf.ofUHzT.ltrans0.ltrans.o (_memset)
/opt/toolchains/sega/sh-elf/lib/gcc/sh-elf/9.1.0/libgcc.a(_ashiftrt.o)
                              /tmp/D32XR.elf.ofUHzT.ltrans0.ltrans.o (___ashiftrt_r4_6)
/opt/toolchains/sega/sh-elf/lib/gcc/sh-elf/9.1.0/libgcc.a(_ashiftrt_n.o)
                              /tmp/D32XR.elf.ofUHzT.ltrans0.ltrans.o (___ashrsi3)
/opt/toolchains/sega/sh-elf/lib/gcc/sh-elf/9.1.0/libgcc.a(_ashiftlt.o)
                              /tmp/D32XR.elf.ofUHzT.ltrans1.ltrans.o (___ashlsi3_r0)
/opt/toolchains/sega/sh-elf/lib/gcc/sh-elf/9.1.0/libgcc.a(_sdivsi3.o)
                              /tmp/D32XR.elf.ofUHzT.ltrans0.ltrans.o (___sdivsi3)
/opt/toolchains/sega/sh-elf/lib/gcc/sh-elf/9.1.0/libgcc.a(_udivsi3.o)
                              /tmp/D32XR.elf.ofUHzT.ltrans0.ltrans.o (___udivsi3)

Allocating common symbols
Common symbol       size              file

switchlist          0xc8              p_switch.o (symbol from plugin)
crushchange         0x4               p_change.o (symbol from plugin)
deathmatch_p        0x4               p_setup.o (symbol from plugin)
gamemaplump         0x4               g_game.o (symbol from plugin)
lastopening         0x4               r_main.o (symbol from plugin)
playertics          0x4               p_tick.o (symbol from plugin)
drawcolnpo2         0x4               r_main.o (symbol from plugin)
earlyexit           0x4               in_main.o (symbol from plugin)
rejectmatrix        0x4               p_setup.o (symbol from plugin)
latetics            0x4               p_tick.o (symbol from plugin)
killvalue           0x8               in_main.o (symbol from plugin)
visplanes           0x4               r_main.o (symbol from plugin)
shootz              0x4               p_shoot.o (symbol from plugin)
checkblock          0x4               z_zone.o (symbol from plugin)
extralight          0x4               r_main.o (symbol from plugin)
ticphase            0x4               p_tick.o (symbol from plugin)
caststate           0x4               f_main.o (symbol from plugin)
statsdrawn          0x4               in_main.o (symbol from plugin)
mars_controls       0x4               marshw.o
drawspan            0x4               r_main.o (symbol from plugin)
numsubsectors       0x4               p_setup.o (symbol from plugin)
emptymobj           0x74              d_main.o (symbol from plugin)
linespeciallist     0x100             p_spec.o (symbol from plugin)
text_y              0x4               f_main.o (symbol from plugin)
lastsprite_p        0x4               r_main.o (symbol from plugin)
faces               0x2               st_main.o (symbol from plugin)
usebbox             0x10              p_map.o (symbol from plugin)
castdeath           0x4               f_main.o (symbol from plugin)
pstats              0x20              in_main.o (symbol from plugin)
pausepic            0x4               p_tick.o (symbol from plugin)
zonetics            0x4               p_mobj.o (symbol from plugin)
secretvalue         0x8               in_main.o (symbol from plugin)
lastvisplane        0x4               r_main.o (symbol from plugin)
closedist           0x4               p_map.o (symbol from plugin)
i_level             0x2               in_main.o (symbol from plugin)
m_doom              0x4               m_main.o (symbol from plugin)
anims               0x180             p_spec.o (symbol from plugin)
checkpostics        0x4               p_map.o (symbol from plugin)
decomp_input        0x4               w_wad.o (symbol from plugin)
castonmelee         0x4               f_main.o (symbol from plugin)
viswalls            0x4               r_main.o (symbol from plugin)
t_ref_total         0x10              r_main.o (symbol from plugin)
textdelay           0x4               f_main.o (symbol from plugin)
mars_mouseport      0x1               marshw.o
backgroundpic       0x4               d_main.o (symbol from plugin)
mars_gamepadport    0x4               marshw.o
sbobj               0x48              st_main.o (symbol from plugin)
limbomobjhead       0x18              p_tick.o (symbol from plugin)
drawfuzzycol        0x4               r_main.o (symbol from plugin)
activeceilings      0x78              p_ceilng.o (symbol from plugin)
shootline           0x4               p_shoot.o (symbol from plugin)
viewportbuffer      0x4               /tmp/D32XR.elf.ofUHzT.ltrans0.ltrans.o
i_items             0x2               in_main.o (symbol from plugin)
lastflat            0x4               r_data.o (symbol from plugin)
vissprite_p         0x4               r_main.o (symbol from plugin)
t_ref_sprites       0x10              r_main.o (symbol from plugin)
micronums           0x2               st_main.o (symbol from plugin)
lastwallcmd         0x4               r_main.o (symbol from plugin)
mobjhead            0x18              p_tick.o (symbol from plugin)
castattacking       0x4               f_main.o (symbol from plugin)
basetics            0x4               p_tick.o (symbol from plugin)
flatpixels          0x4               r_data.o (symbol from plugin)
iquehead            0x4               p_mobj.o (symbol from plugin)
shootslope          0x4               p_shoot.o (symbol from plugin)
mars_gamepadport2   0x4               marshw.o
ticsinframe         0x4               d_main.o (symbol from plugin)
sightcounts         0x8               p_map.o (symbol from plugin)
stretchX            0x4               r_main.o (symbol from plugin)
numvertexes         0x4               p_setup.o (symbol from plugin)
lowfloor            0x4               p_maputl.o (symbol from plugin)
endobj              0x4               f_main.o (symbol from plugin)
r_texcache          0x28              r_main.o (symbol from plugin)
snd_buffer          0x16f8            marssound.o (symbol from plugin)
facenum             0x4               in_main.o (symbol from plugin)
freemobjhead        0x18              p_tick.o (symbol from plugin)
attackrange         0x4               p_map.o (symbol from plugin)
castframes          0x4               f_main.o (symbol from plugin)
castnum             0x4               f_main.o (symbol from plugin)
i_par               0x2               in_main.o (symbol from plugin)
movething           0x4               p_move.o (symbol from plugin)
dc_colormaps        0x4               /tmp/D32XR.elf.ofUHzT.ltrans0.ltrans.o
shoottics           0x4               p_map.o (symbol from plugin)
myticcount          0x4               in_main.o (symbol from plugin)
deathmatchstarts    0x4               p_setup.o (symbol from plugin)
centerX             0x2               r_main.o (symbol from plugin)
na_secnum           0x4               p_pspr.o (symbol from plugin)
thinkercap          0xc               p_tick.o (symbol from plugin)
numflats            0x4               r_data.o (symbol from plugin)
spclFaceType        0x4               st_main.o (symbol from plugin)
sighttics           0x4               p_tick.o (symbol from plugin)
vissubsectors       0x4               r_main.o (symbol from plugin)
demo_p              0x4               d_main.o (symbol from plugin)
fragvalue           0x8               in_main.o (symbol from plugin)
openrange           0x4               p_maputl.o (symbol from plugin)
itemvalue           0x8               in_main.o (symbol from plugin)
uchar               0x2               in_main.o (symbol from plugin)
sbar                0x4               st_main.o (symbol from plugin)
activeplats         0x78              p_plats.o (symbol from plugin)
infaces             0x14              in_main.o (symbol from plugin)
blockline           0x4               p_move.o (symbol from plugin)
nofit               0x4               p_change.o (symbol from plugin)
itemrespawnque      0x4               p_mobj.o (symbol from plugin)
maxlevel            0x4               d_main.o (symbol from plugin)
centerXFrac         0x4               r_main.o (symbol from plugin)
shooter             0x4               p_map.o (symbol from plugin)
stbar_y             0x2               st_main.o (symbol from plugin)
sfxchannels         0x80              marssound.o (symbol from plugin)
shootmobj           0x4               p_shoot.o (symbol from plugin)
ticremainder        0x8               p_pspr.o (symbol from plugin)
itemrespawntime     0x4               p_mobj.o (symbol from plugin)
closeline           0x4               p_map.o (symbol from plugin)
firstflat           0x4               r_data.o (symbol from plugin)
valsdrawn           0x4               in_main.o (symbol from plugin)
sbar_height         0x2               st_main.o (symbol from plugin)
xtoviewangle        0x3f4             r_main.o (symbol from plugin)
lastvissubsector    0x4               r_main.o (symbol from plugin)
clipangle           0x4               r_main.o (symbol from plugin)
playerstarts        0x14              p_setup.o (symbol from plugin)
S_music             0x4               sounds.o (symbol from plugin)
cursorpos           0x4               o_main.o (symbol from plugin)
i_time              0x2               in_main.o (symbol from plugin)
distscale           0x3f0             r_main.o (symbol from plugin)
lastanim            0x4               p_spec.o (symbol from plugin)
tmfloorz            0x4               p_move.o (symbol from plugin)
stretch             0x4               r_main.o (symbol from plugin)
openings            0x4               r_main.o (symbol from plugin)
framecount          0x2               r_main.o (symbol from plugin)
text_x              0x4               f_main.o (symbol from plugin)
centerYFrac         0x4               r_main.o (symbol from plugin)
t_ref_planes        0x10              r_main.o (symbol from plugin)
vd                  0x20              r_main.o (symbol from plugin)
attackangle         0x4               p_map.o (symbol from plugin)
t_ref_prep          0x10              r_main.o (symbol from plugin)
t_ref_segs          0x10              r_main.o (symbol from plugin)
useline             0x10              p_map.o (symbol from plugin)
frameon             0x4               d_main.o (symbol from plugin)
negativefrag        0x8               in_main.o (symbol from plugin)
tmceilingz          0x4               p_move.o (symbol from plugin)
openbottom          0x4               p_maputl.o (symbol from plugin)
numsectors          0x4               p_setup.o (symbol from plugin)
textprint           0x4               f_main.o (symbol from plugin)
numtextures         0x4               r_data.o (symbol from plugin)
demobuffer          0x4               d_main.o (symbol from plugin)
maptex              0x4               r_data.o (symbol from plugin)
t_ref_bsp           0x10              r_main.o (symbol from plugin)
soundtarget         0x4               p_pspr.o (symbol from plugin)
i_kills             0x2               in_main.o (symbol from plugin)
centerY             0x2               r_main.o (symbol from plugin)
status              0x4               f_main.o (symbol from plugin)
doubleclipangle     0x4               r_main.o (symbol from plugin)
iquetail            0x4               p_mobj.o (symbol from plugin)
shootx              0x4               p_shoot.o (symbol from plugin)
vissprites          0x4               r_main.o (symbol from plugin)
titlepic            0x4               d_main.o (symbol from plugin)
numswitches         0x4               p_switch.o (symbol from plugin)
viewplayer          0x4               r_main.o (symbol from plugin)
newface             0x4               st_main.o (symbol from plugin)
o_musictype         0x2               o_main.o (symbol from plugin)
refzone             0x4               z_zone.o (symbol from plugin)
textindex           0x4               f_main.o (symbol from plugin)
mars_controls2      0x4               marshw.o
numsides            0x4               p_setup.o (symbol from plugin)
linetarget          0x4               p_map.o (symbol from plugin)
i_frags             0x2               in_main.o (symbol from plugin)
viewangletox        0x1000            r_main.o (symbol from plugin)
decomp_output       0x4               w_wad.o (symbol from plugin)
yslope              0x320             r_main.o (symbol from plugin)
thinkertics         0x4               p_tick.o (symbol from plugin)
opentop             0x4               p_maputl.o (symbol from plugin)
numlumps            0x4               w_wad.o (symbol from plugin)
floatok             0x4               p_move.o (symbol from plugin)
i_percent           0x2               in_main.o (symbol from plugin)
casttics            0x4               f_main.o (symbol from plugin)
onground            0x4               p_user.o (symbol from plugin)
na_sec              0x4               p_pspr.o (symbol from plugin)
stbarcmds           0xb4              st_main.o (symbol from plugin)
blocklinks          0x4               p_setup.o (symbol from plugin)
shooty              0x4               p_shoot.o (symbol from plugin)
i_secret            0x2               in_main.o (symbol from plugin)
i_finish            0x2               in_main.o (symbol from plugin)
aimbottomslope      0x4               p_map.o (symbol from plugin)
myoldticcount       0x4               in_main.o (symbol from plugin)
drawcol             0x4               r_main.o (symbol from plugin)
aimtopslope         0x4               p_map.o (symbol from plugin)
numsegs             0x4               p_setup.o (symbol from plugin)
texturetranslation  0x4               r_data.o (symbol from plugin)

Discarded input sections

 .bss           0x0000000000000000        0x0 crt0.o
 .debug_info    0x0000000000000000     0x385f /tmp/cca79egQ.debug.temp.o
 .debug_abbrev  0x0000000000000000      0x274 /tmp/cca79egQ.debug.temp.o
 .debug_line    0x0000000000000000      0x107 /tmp/cca79egQ.debug.temp.o
 .debug_str     0x0000000000000000     0x32e1 /tmp/cca79egQ.debug.temp.o
 .comment       0x0000000000000000       0x12 /tmp/cca79egQ.debug.temp.o
 .debug_info    0x0000000000000000     0x291c /tmp/ccaYbNaT.debug.temp.o
 .debug_abbrev  0x0000000000000000      0x268 /tmp/ccaYbNaT.debug.temp.o
 .debug_line    0x0000000000000000      0x108 /tmp/ccaYbNaT.debug.temp.o
 .debug_str     0x0000000000000000     0x29b4 /tmp/ccaYbNaT.debug.temp.o
 .comment       0x0000000000000000       0x12 /tmp/ccaYbNaT.debug.temp.o
 .debug_info    0x0000000000000000     0x3bc8 /tmp/cc71iGpR.debug.temp.o
 .debug_abbrev  0x0000000000000000      0x277 /tmp/cc71iGpR.debug.temp.o
 .debug_line    0x0000000000000000      0x121 /tmp/cc71iGpR.debug.temp.o
 .debug_str     0x0000000000000000     0x31f2 /tmp/cc71iGpR.debug.temp.o
 .comment       0x0000000000000000       0x12 /tmp/cc71iGpR.debug.temp.o
 .debug_info    0x0000000000000000     0x2cac /tmp/ccVv4B1S.debug.temp.o
 .debug_abbrev  0x0000000000000000      0x257 /tmp/ccVv4B1S.debug.temp.o
 .debug_line    0x0000000000000000      0x108 /tmp/ccVv4B1S.debug.temp.o
 .debug_str     0x0000000000000000     0x2cba /tmp/ccVv4B1S.debug.temp.o
 .comment       0x0000000000000000       0x12 /tmp/ccVv4B1S.debug.temp.o
 .debug_info    0x0000000000000000     0x2bb5 /tmp/ccvHBOFU.debug.temp.o
 .debug_abbrev  0x0000000000000000      0x27b /tmp/ccvHBOFU.debug.temp.o
 .debug_line    0x0000000000000000      0x13f /tmp/ccvHBOFU.debug.temp.o
 .debug_str     0x0000000000000000     0x2caa /tmp/ccvHBOFU.debug.temp.o
 .comment       0x0000000000000000       0x12 /tmp/ccvHBOFU.debug.temp.o
 .debug_info    0x0000000000000000     0x3fa9 /tmp/ccf6PUOU.debug.temp.o
 .debug_abbrev  0x0000000000000000      0x27c /tmp/ccf6PUOU.debug.temp.o
 .debug_line    0x0000000000000000      0x139 /tmp/ccf6PUOU.debug.temp.o
 .debug_str     0x0000000000000000     0x379a /tmp/ccf6PUOU.debug.temp.o
 .comment       0x0000000000000000       0x12 /tmp/ccf6PUOU.debug.temp.o
 .debug_info    0x0000000000000000     0x259f /tmp/ccdN3GEU.debug.temp.o
 .debug_abbrev  0x0000000000000000      0x20d /tmp/ccdN3GEU.debug.temp.o
 .debug_line    0x0000000000000000      0x140 /tmp/ccdN3GEU.debug.temp.o
 .debug_str     0x0000000000000000     0x2665 /tmp/ccdN3GEU.debug.temp.o
 .comment       0x0000000000000000       0x12 /tmp/ccdN3GEU.debug.temp.o
 .debug_info    0x0000000000000000     0x282a /tmp/ccemeIPR.debug.temp.o
 .debug_abbrev  0x0000000000000000      0x272 /tmp/ccemeIPR.debug.temp.o
 .debug_line    0x0000000000000000      0x16e /tmp/ccemeIPR.debug.temp.o
 .debug_str     0x0000000000000000     0x22b4 /tmp/ccemeIPR.debug.temp.o
 .comment       0x0000000000000000       0x12 /tmp/ccemeIPR.debug.temp.o
 .debug_info    0x0000000000000000     0x2ba7 /tmp/ccJmTCpR.debug.temp.o
 .debug_abbrev  0x0000000000000000      0x346 /tmp/ccJmTCpR.debug.temp.o
 .debug_line    0x0000000000000000       0xfa /tmp/ccJmTCpR.debug.temp.o
 .debug_str     0x0000000000000000     0x297c /tmp/ccJmTCpR.debug.temp.o
 .comment       0x0000000000000000       0x12 /tmp/ccJmTCpR.debug.temp.o
 .debug_info    0x0000000000000000     0x3a93 /tmp/ccpWkYKT.debug.temp.o
 .debug_abbrev  0x0000000000000000      0x2cb /tmp/ccpWkYKT.debug.temp.o
 .debug_line    0x0000000000000000      0x120 /tmp/ccpWkYKT.debug.temp.o
 .debug_str     0x0000000000000000     0x3196 /tmp/ccpWkYKT.debug.temp.o
 .comment       0x0000000000000000       0x12 /tmp/ccpWkYKT.debug.temp.o
 .debug_info    0x0000000000000000     0x25b5 /tmp/ccYzAsXT.debug.temp.o
 .debug_abbrev  0x0000000000000000      0x1a5 /tmp/ccYzAsXT.debug.temp.o
 .debug_line    0x0000000000000000       0xf8 /tmp/ccYzAsXT.debug.temp.o
 .debug_str     0x0000000000000000     0x28aa /tmp/ccYzAsXT.debug.temp.o
 .comment       0x0000000000000000       0x12 /tmp/ccYzAsXT.debug.temp.o
 .debug_info    0x0000000000000000     0x3a0a /tmp/ccIQrwPT.debug.temp.o
 .debug_abbrev  0x0000000000000000      0x244 /tmp/ccIQrwPT.debug.temp.o
 .debug_line    0x0000000000000000      0x122 /tmp/ccIQrwPT.debug.temp.o
 .debug_str     0x0000000000000000     0x337c /tmp/ccIQrwPT.debug.temp.o
 .comment       0x0000000000000000       0x12 /tmp/ccIQrwPT.debug.temp.o
 .debug_info    0x0000000000000000     0x36bb /tmp/cc9bCZZQ.debug.temp.o
 .debug_abbrev  0x0000000000000000      0x268 /tmp/cc9bCZZQ.debug.temp.o
 .debug_line    0x0000000000000000      0x12e /tmp/cc9bCZZQ.debug.temp.o
 .debug_str     0x0000000000000000     0x2cd0 /tmp/cc9bCZZQ.debug.temp.o
 .comment       0x0000000000000000       0x12 /tmp/cc9bCZZQ.debug.temp.o
 .debug_info    0x0000000000000000     0x3f84 /tmp/ccICUfcT.debug.temp.o
 .debug_abbrev  0x0000000000000000      0x2dd /tmp/ccICUfcT.debug.temp.o
 .debug_line    0x0000000000000000      0x121 /tmp/ccICUfcT.debug.temp.o
 .debug_str     0x0000000000000000     0x361e /tmp/ccICUfcT.debug.temp.o
 .comment       0x0000000000000000       0x12 /tmp/ccICUfcT.debug.temp.o
 .debug_info    0x0000000000000000     0x3651 /tmp/cc6k3c0T.debug.temp.o
 .debug_abbrev  0x0000000000000000      0x271 /tmp/cc6k3c0T.debug.temp.o
 .debug_line    0x0000000000000000      0x121 /tmp/cc6k3c0T.debug.temp.o
 .debug_str     0x0000000000000000     0x2cad /tmp/cc6k3c0T.debug.temp.o
 .comment       0x0000000000000000       0x12 /tmp/cc6k3c0T.debug.temp.o
 .debug_info    0x0000000000000000     0x3cf2 /tmp/ccxo304R.debug.temp.o
 .debug_abbrev  0x0000000000000000      0x298 /tmp/ccxo304R.debug.temp.o
 .debug_line    0x0000000000000000      0x12e /tmp/ccxo304R.debug.temp.o
 .debug_str     0x0000000000000000     0x34be /tmp/ccxo304R.debug.temp.o
 .comment       0x0000000000000000       0x12 /tmp/ccxo304R.debug.temp.o
 .debug_info    0x0000000000000000     0x34de /tmp/ccO9flPU.debug.temp.o
 .debug_abbrev  0x0000000000000000      0x222 /tmp/ccO9flPU.debug.temp.o
 .debug_line    0x0000000000000000      0x122 /tmp/ccO9flPU.debug.temp.o
 .debug_str     0x0000000000000000     0x299f /tmp/ccO9flPU.debug.temp.o
 .comment       0x0000000000000000       0x12 /tmp/ccO9flPU.debug.temp.o
 .debug_info    0x0000000000000000     0x3dbb /tmp/ccDnO4bQ.debug.temp.o
 .debug_abbrev  0x0000000000000000      0x301 /tmp/ccDnO4bQ.debug.temp.o
 .debug_line    0x0000000000000000      0x11f /tmp/ccDnO4bQ.debug.temp.o
 .debug_str     0x0000000000000000     0x3500 /tmp/ccDnO4bQ.debug.temp.o
 .comment       0x0000000000000000       0x12 /tmp/ccDnO4bQ.debug.temp.o
 .debug_info    0x0000000000000000     0x3a8d /tmp/ccQi6wdR.debug.temp.o
 .debug_abbrev  0x0000000000000000      0x2bf /tmp/ccQi6wdR.debug.temp.o
 .debug_line    0x0000000000000000      0x122 /tmp/ccQi6wdR.debug.temp.o
 .debug_str     0x0000000000000000     0x313f /tmp/ccQi6wdR.debug.temp.o
 .comment       0x0000000000000000       0x12 /tmp/ccQi6wdR.debug.temp.o
 .debug_info    0x0000000000000000     0x3d77 /tmp/ccdJgwMT.debug.temp.o
 .debug_abbrev  0x0000000000000000      0x2d4 /tmp/ccdJgwMT.debug.temp.o
 .debug_line    0x0000000000000000      0x120 /tmp/ccdJgwMT.debug.temp.o
 .debug_str     0x0000000000000000     0x3453 /tmp/ccdJgwMT.debug.temp.o
 .comment       0x0000000000000000       0x12 /tmp/ccdJgwMT.debug.temp.o
 .debug_info    0x0000000000000000     0x3a63 /tmp/ccHHHKbS.debug.temp.o
 .debug_abbrev  0x0000000000000000      0x244 /tmp/ccHHHKbS.debug.temp.o
 .debug_line    0x0000000000000000      0x121 /tmp/ccHHHKbS.debug.temp.o
 .debug_str     0x0000000000000000     0x33cc /tmp/ccHHHKbS.debug.temp.o
 .comment       0x0000000000000000       0x12 /tmp/ccHHHKbS.debug.temp.o
 .debug_info    0x0000000000000000     0x3f92 /tmp/ccIdBvqS.debug.temp.o
 .debug_abbrev  0x0000000000000000      0x2be /tmp/ccIdBvqS.debug.temp.o
 .debug_line    0x0000000000000000      0x120 /tmp/ccIdBvqS.debug.temp.o
 .debug_str     0x0000000000000000     0x3562 /tmp/ccIdBvqS.debug.temp.o
 .comment       0x0000000000000000       0x12 /tmp/ccIdBvqS.debug.temp.o
 .debug_info    0x0000000000000000     0x3ec6 /tmp/ccXm8YAQ.debug.temp.o
 .debug_abbrev  0x0000000000000000      0x282 /tmp/ccXm8YAQ.debug.temp.o
 .debug_line    0x0000000000000000      0x137 /tmp/ccXm8YAQ.debug.temp.o
 .debug_str     0x0000000000000000     0x3318 /tmp/ccXm8YAQ.debug.temp.o
 .comment       0x0000000000000000       0x12 /tmp/ccXm8YAQ.debug.temp.o
 .debug_info    0x0000000000000000     0x3f15 /tmp/cc1QtwfT.debug.temp.o
 .debug_abbrev  0x0000000000000000      0x2a2 /tmp/cc1QtwfT.debug.temp.o
 .debug_line    0x0000000000000000      0x120 /tmp/cc1QtwfT.debug.temp.o
 .debug_str     0x0000000000000000     0x35fc /tmp/cc1QtwfT.debug.temp.o
 .comment       0x0000000000000000       0x12 /tmp/cc1QtwfT.debug.temp.o
 .debug_info    0x0000000000000000     0x3ac6 /tmp/ccwRyQIQ.debug.temp.o
 .debug_abbrev  0x0000000000000000      0x255 /tmp/ccwRyQIQ.debug.temp.o
 .debug_line    0x0000000000000000      0x122 /tmp/ccwRyQIQ.debug.temp.o
 .debug_str     0x0000000000000000     0x34a5 /tmp/ccwRyQIQ.debug.temp.o
 .comment       0x0000000000000000       0x12 /tmp/ccwRyQIQ.debug.temp.o
 .debug_info    0x0000000000000000     0x366e /tmp/ccnnFhjU.debug.temp.o
 .debug_abbrev  0x0000000000000000      0x224 /tmp/ccnnFhjU.debug.temp.o
 .debug_line    0x0000000000000000      0x122 /tmp/ccnnFhjU.debug.temp.o
 .debug_str     0x0000000000000000     0x2eac /tmp/ccnnFhjU.debug.temp.o
 .comment       0x0000000000000000       0x12 /tmp/ccnnFhjU.debug.temp.o
 .debug_info    0x0000000000000000     0x39f8 /tmp/ccN8hvNT.debug.temp.o
 .debug_abbrev  0x0000000000000000      0x2c3 /tmp/ccN8hvNT.debug.temp.o
 .debug_line    0x0000000000000000      0x120 /tmp/ccN8hvNT.debug.temp.o
 .debug_str     0x0000000000000000     0x3250 /tmp/ccN8hvNT.debug.temp.o
 .comment       0x0000000000000000       0x12 /tmp/ccN8hvNT.debug.temp.o
 .debug_info    0x0000000000000000     0x3b36 /tmp/ccVjD5lQ.debug.temp.o
 .debug_abbrev  0x0000000000000000      0x2a9 /tmp/ccVjD5lQ.debug.temp.o
 .debug_line    0x0000000000000000      0x120 /tmp/ccVjD5lQ.debug.temp.o
 .debug_str     0x0000000000000000     0x31f6 /tmp/ccVjD5lQ.debug.temp.o
 .comment       0x0000000000000000       0x12 /tmp/ccVjD5lQ.debug.temp.o
 .debug_info    0x0000000000000000     0x3ec3 /tmp/ccWbb4qQ.debug.temp.o
 .debug_abbrev  0x0000000000000000      0x2d7 /tmp/ccWbb4qQ.debug.temp.o
 .debug_line    0x0000000000000000      0x12d /tmp/ccWbb4qQ.debug.temp.o
 .debug_str     0x0000000000000000     0x3616 /tmp/ccWbb4qQ.debug.temp.o
 .comment       0x0000000000000000       0x12 /tmp/ccWbb4qQ.debug.temp.o
 .debug_info    0x0000000000000000     0x34f6 /tmp/ccbehViS.debug.temp.o
 .debug_abbrev  0x0000000000000000      0x29b /tmp/ccbehViS.debug.temp.o
 .debug_line    0x0000000000000000      0x121 /tmp/ccbehViS.debug.temp.o
 .debug_str     0x0000000000000000     0x2962 /tmp/ccbehViS.debug.temp.o
 .comment       0x0000000000000000       0x12 /tmp/ccbehViS.debug.temp.o
 .debug_info    0x0000000000000000     0x3bd5 /tmp/ccthmlmS.debug.temp.o
 .debug_abbrev  0x0000000000000000      0x2d5 /tmp/ccthmlmS.debug.temp.o
 .debug_line    0x0000000000000000      0x121 /tmp/ccthmlmS.debug.temp.o
 .debug_str     0x0000000000000000     0x3202 /tmp/ccthmlmS.debug.temp.o
 .comment       0x0000000000000000       0x12 /tmp/ccthmlmS.debug.temp.o
 .debug_info    0x0000000000000000     0x3a08 /tmp/ccBvmPYS.debug.temp.o
 .debug_abbrev  0x0000000000000000      0x283 /tmp/ccBvmPYS.debug.temp.o
 .debug_line    0x0000000000000000      0x120 /tmp/ccBvmPYS.debug.temp.o
 .debug_str     0x0000000000000000     0x315b /tmp/ccBvmPYS.debug.temp.o
 .comment       0x0000000000000000       0x12 /tmp/ccBvmPYS.debug.temp.o
 .debug_info    0x0000000000000000     0x37fa /tmp/ccjIsKAU.debug.temp.o
 .debug_abbrev  0x0000000000000000      0x228 /tmp/ccjIsKAU.debug.temp.o
 .debug_line    0x0000000000000000      0x122 /tmp/ccjIsKAU.debug.temp.o
 .debug_str     0x0000000000000000     0x30a3 /tmp/ccjIsKAU.debug.temp.o
 .comment       0x0000000000000000       0x12 /tmp/ccjIsKAU.debug.temp.o
 .debug_info    0x0000000000000000     0x3c0f /tmp/ccOqWJyS.debug.temp.o
 .debug_abbrev  0x0000000000000000      0x2bd /tmp/ccOqWJyS.debug.temp.o
 .debug_line    0x0000000000000000      0x121 /tmp/ccOqWJyS.debug.temp.o
 .debug_str     0x0000000000000000     0x3189 /tmp/ccOqWJyS.debug.temp.o
 .comment       0x0000000000000000       0x12 /tmp/ccOqWJyS.debug.temp.o
 .debug_info    0x0000000000000000     0x3852 /tmp/ccwmwMOQ.debug.temp.o
 .debug_abbrev  0x0000000000000000      0x34a /tmp/ccwmwMOQ.debug.temp.o
 .debug_line    0x0000000000000000      0x11d /tmp/ccwmwMOQ.debug.temp.o
 .debug_str     0x0000000000000000     0x305f /tmp/ccwmwMOQ.debug.temp.o
 .comment       0x0000000000000000       0x12 /tmp/ccwmwMOQ.debug.temp.o
 .debug_info    0x0000000000000000     0x3c15 /tmp/ccdb7GAU.debug.temp.o
 .debug_abbrev  0x0000000000000000      0x2b2 /tmp/ccdb7GAU.debug.temp.o
 .debug_line    0x0000000000000000      0x120 /tmp/ccdb7GAU.debug.temp.o
 .debug_str     0x0000000000000000     0x3225 /tmp/ccdb7GAU.debug.temp.o
 .comment       0x0000000000000000       0x12 /tmp/ccdb7GAU.debug.temp.o
 .debug_info    0x0000000000000000     0x363f /tmp/cchDGWlU.debug.temp.o
 .debug_abbrev  0x0000000000000000      0x2d7 /tmp/cchDGWlU.debug.temp.o
 .debug_line    0x0000000000000000      0x11f /tmp/cchDGWlU.debug.temp.o
 .debug_str     0x0000000000000000     0x2f7b /tmp/cchDGWlU.debug.temp.o
 .comment       0x0000000000000000       0x12 /tmp/cchDGWlU.debug.temp.o
 .debug_info    0x0000000000000000     0x35f5 /tmp/ccPVuWPQ.debug.temp.o
 .debug_abbrev  0x0000000000000000      0x280 /tmp/ccPVuWPQ.debug.temp.o
 .debug_line    0x0000000000000000      0x115 /tmp/ccPVuWPQ.debug.temp.o
 .debug_str     0x0000000000000000     0x2f90 /tmp/ccPVuWPQ.debug.temp.o
 .comment       0x0000000000000000       0x12 /tmp/ccPVuWPQ.debug.temp.o
 .debug_info    0x0000000000000000     0x305e /tmp/ccIhBDGS.debug.temp.o
 .debug_abbrev  0x0000000000000000      0x236 /tmp/ccIhBDGS.debug.temp.o
 .debug_line    0x0000000000000000      0x109 /tmp/ccIhBDGS.debug.temp.o
 .debug_str     0x0000000000000000     0x291f /tmp/ccIhBDGS.debug.temp.o
 .comment       0x0000000000000000       0x12 /tmp/ccIhBDGS.debug.temp.o
 .debug_info    0x0000000000000000     0x33dd /tmp/ccDNxmPU.debug.temp.o
 .debug_abbrev  0x0000000000000000      0x234 /tmp/ccDNxmPU.debug.temp.o
 .debug_line    0x0000000000000000      0x115 /tmp/ccDNxmPU.debug.temp.o
 .debug_str     0x0000000000000000     0x2e5a /tmp/ccDNxmPU.debug.temp.o
 .comment       0x0000000000000000       0x12 /tmp/ccDNxmPU.debug.temp.o
 .debug_info    0x0000000000000000     0x2d8d /tmp/cc1e5S6Q.debug.temp.o
 .debug_abbrev  0x0000000000000000      0x1fb /tmp/cc1e5S6Q.debug.temp.o
 .debug_line    0x0000000000000000      0x115 /tmp/cc1e5S6Q.debug.temp.o
 .debug_str     0x0000000000000000     0x264a /tmp/cc1e5S6Q.debug.temp.o
 .comment       0x0000000000000000       0x12 /tmp/cc1e5S6Q.debug.temp.o
 .debug_info    0x0000000000000000     0x32ec /tmp/ccYSxtzU.debug.temp.o
 .debug_abbrev  0x0000000000000000      0x2ca /tmp/ccYSxtzU.debug.temp.o
 .debug_line    0x0000000000000000      0x11f /tmp/ccYSxtzU.debug.temp.o
 .debug_str     0x0000000000000000     0x2849 /tmp/ccYSxtzU.debug.temp.o
 .comment       0x0000000000000000       0x12 /tmp/ccYSxtzU.debug.temp.o
 .debug_info    0x0000000000000000     0x308b /tmp/ccg5g5ZQ.debug.temp.o
 .debug_abbrev  0x0000000000000000      0x286 /tmp/ccg5g5ZQ.debug.temp.o
 .debug_line    0x0000000000000000      0x11f /tmp/ccg5g5ZQ.debug.temp.o
 .debug_str     0x0000000000000000     0x2793 /tmp/ccg5g5ZQ.debug.temp.o
 .comment       0x0000000000000000       0x12 /tmp/ccg5g5ZQ.debug.temp.o
 .debug_info    0x0000000000000000     0x3fae /tmp/ccUkirUQ.debug.temp.o
 .debug_abbrev  0x0000000000000000      0x377 /tmp/ccUkirUQ.debug.temp.o
 .debug_line    0x0000000000000000      0x185 /tmp/ccUkirUQ.debug.temp.o
 .debug_str     0x0000000000000000     0x339a /tmp/ccUkirUQ.debug.temp.o
 .comment       0x0000000000000000       0x12 /tmp/ccUkirUQ.debug.temp.o
 .debug_info    0x0000000000000000     0x2c93 /tmp/ccIGDU1T.debug.temp.o
 .debug_abbrev  0x0000000000000000      0x1ca /tmp/ccIGDU1T.debug.temp.o
 .debug_line    0x0000000000000000      0x109 /tmp/ccIGDU1T.debug.temp.o
 .debug_str     0x0000000000000000     0x2580 /tmp/ccIGDU1T.debug.temp.o
 .comment       0x0000000000000000       0x12 /tmp/ccIGDU1T.debug.temp.o
 .debug_info    0x0000000000000000     0x2f80 /tmp/cc8GWaoT.debug.temp.o
 .debug_abbrev  0x0000000000000000      0x377 /tmp/cc8GWaoT.debug.temp.o
 .debug_line    0x0000000000000000      0x16a /tmp/cc8GWaoT.debug.temp.o
 .debug_str     0x0000000000000000     0x2e46 /tmp/cc8GWaoT.debug.temp.o
 .comment       0x0000000000000000       0x12 /tmp/cc8GWaoT.debug.temp.o
 .debug_info    0x0000000000000000     0x2429 /tmp/cc5j049R.debug.temp.o
 .debug_abbrev  0x0000000000000000      0x198 /tmp/cc5j049R.debug.temp.o
 .debug_line    0x0000000000000000       0xfa /tmp/cc5j049R.debug.temp.o
 .debug_str     0x0000000000000000     0x25f3 /tmp/cc5j049R.debug.temp.o
 .comment       0x0000000000000000       0x12 /tmp/cc5j049R.debug.temp.o
 .debug_info    0x0000000000000000     0x251a /tmp/cc9iYu1S.debug.temp.o
 .debug_abbrev  0x0000000000000000      0x1fd /tmp/cc9iYu1S.debug.temp.o
 .debug_line    0x0000000000000000       0xfa /tmp/cc9iYu1S.debug.temp.o
 .debug_str     0x0000000000000000     0x265f /tmp/cc9iYu1S.debug.temp.o
 .comment       0x0000000000000000       0x12 /tmp/cc9iYu1S.debug.temp.o
 .debug_info    0x0000000000000000     0x2690 /tmp/ccxAlH9Q.debug.temp.o
 .debug_abbrev  0x0000000000000000      0x26f /tmp/ccxAlH9Q.debug.temp.o
 .debug_line    0x0000000000000000       0xf9 /tmp/ccxAlH9Q.debug.temp.o
 .debug_str     0x0000000000000000     0x26fb /tmp/ccxAlH9Q.debug.temp.o
 .comment       0x0000000000000000       0x12 /tmp/ccxAlH9Q.debug.temp.o
 .debug_info    0x0000000000000000     0x26ea /tmp/ccJfJiOT.debug.temp.o
 .debug_abbrev  0x0000000000000000      0x282 /tmp/ccJfJiOT.debug.temp.o
 .debug_line    0x0000000000000000       0xfa /tmp/ccJfJiOT.debug.temp.o
 .debug_str     0x0000000000000000     0x26c3 /tmp/ccJfJiOT.debug.temp.o
 .comment       0x0000000000000000       0x12 /tmp/ccJfJiOT.debug.temp.o
 .debug_info    0x0000000000000000     0x33d9 /tmp/cc22bhmU.debug.temp.o
 .debug_abbrev  0x0000000000000000      0x259 /tmp/cc22bhmU.debug.temp.o
 .debug_line    0x0000000000000000      0x164 /tmp/cc22bhmU.debug.temp.o
 .debug_str     0x0000000000000000     0x2e8d /tmp/cc22bhmU.debug.temp.o
 .comment       0x0000000000000000       0x12 /tmp/cc22bhmU.debug.temp.o
 .debug_info    0x0000000000000000     0x3bf5 /tmp/ccwRqQgS.debug.temp.o
 .debug_abbrev  0x0000000000000000      0x304 /tmp/ccwRqQgS.debug.temp.o
 .debug_line    0x0000000000000000      0x121 /tmp/ccwRqQgS.debug.temp.o
 .debug_str     0x0000000000000000     0x3465 /tmp/ccwRqQgS.debug.temp.o
 .comment       0x0000000000000000       0x12 /tmp/ccwRqQgS.debug.temp.o
 .debug_info    0x0000000000000000     0x34b7 /tmp/ccL2aJwS.debug.temp.o
 .debug_abbrev  0x0000000000000000      0x27d /tmp/ccL2aJwS.debug.temp.o
 .debug_line    0x0000000000000000      0x127 /tmp/ccL2aJwS.debug.temp.o
 .debug_str     0x0000000000000000     0x285f /tmp/ccL2aJwS.debug.temp.o
 .comment       0x0000000000000000       0x12 /tmp/ccL2aJwS.debug.temp.o
 .debug_info    0x0000000000000000     0x30ae /tmp/ccJQ17WQ.debug.temp.o
 .debug_abbrev  0x0000000000000000      0x284 /tmp/ccJQ17WQ.debug.temp.o
 .debug_line    0x0000000000000000      0x11f /tmp/ccJQ17WQ.debug.temp.o
 .debug_str     0x0000000000000000     0x27d8 /tmp/ccJQ17WQ.debug.temp.o
 .comment       0x0000000000000000       0x12 /tmp/ccJQ17WQ.debug.temp.o
 .debug_info    0x0000000000000000     0x1fd0 /tmp/ccIhnIJT.debug.temp.o
 .debug_abbrev  0x0000000000000000      0x1ef /tmp/ccIhnIJT.debug.temp.o
 .debug_line    0x0000000000000000      0x14c /tmp/ccIhnIJT.debug.temp.o
 .debug_str     0x0000000000000000     0x1eb5 /tmp/ccIhnIJT.debug.temp.o
 .comment       0x0000000000000000       0x12 /tmp/ccIhnIJT.debug.temp.o
 .debug_info    0x0000000000000000     0x2c79 /tmp/ccjQQEMS.debug.temp.o
 .debug_abbrev  0x0000000000000000      0x32a /tmp/ccjQQEMS.debug.temp.o
 .debug_line    0x0000000000000000      0x163 /tmp/ccjQQEMS.debug.temp.o
 .debug_str     0x0000000000000000     0x2410 /tmp/ccjQQEMS.debug.temp.o
 .comment       0x0000000000000000       0x12 /tmp/ccjQQEMS.debug.temp.o
 .debug_info    0x0000000000000000     0x2f5a /tmp/ccSxyqLS.debug.temp.o
 .debug_abbrev  0x0000000000000000      0x297 /tmp/ccSxyqLS.debug.temp.o
 .debug_line    0x0000000000000000      0x108 /tmp/ccSxyqLS.debug.temp.o
 .debug_str     0x0000000000000000     0x26a3 /tmp/ccSxyqLS.debug.temp.o
 .comment       0x0000000000000000       0x12 /tmp/ccSxyqLS.debug.temp.o
 .debug_info    0x0000000000000000     0x291a /tmp/ccH0RPzU.debug.temp.o
 .debug_abbrev  0x0000000000000000      0x280 /tmp/ccH0RPzU.debug.temp.o
 .debug_line    0x0000000000000000      0x14b /tmp/ccH0RPzU.debug.temp.o
 .debug_str     0x0000000000000000     0x281f /tmp/ccH0RPzU.debug.temp.o
 .comment       0x0000000000000000       0x12 /tmp/ccH0RPzU.debug.temp.o
 .debug_info    0x0000000000000000      0xb1c /tmp/ccficUDT.debug.temp.o
 .debug_abbrev  0x0000000000000000      0x255 /tmp/ccficUDT.debug.temp.o
 .debug_line    0x0000000000000000      0x123 /tmp/ccficUDT.debug.temp.o
 .debug_str     0x0000000000000000      0x648 /tmp/ccficUDT.debug.temp.o
 .comment       0x0000000000000000       0x12 /tmp/ccficUDT.debug.temp.o
 .text          0x0000000000000000        0x0 marshw.o
 .bss           0x0000000000000000        0x0 marshw.o
 .text.Mars_SetMDCrsr
                0x0000000000000000       0x28 marshw.o
 .text.Mars_GetMDCrsr
                0x0000000000000000       0x3c marshw.o
 .text.Mars_SetMDColor
                0x0000000000000000       0x58 marshw.o
 .text.Mars_GetMDColor
                0x0000000000000000       0x3c marshw.o
 .text.Mars_SetMDPal
                0x0000000000000000       0x1c marshw.o
 .text.Mars_MDPutChar
                0x0000000000000000       0x20 marshw.o
 .text.Mars_MDPutString
                0x0000000000000000       0x28 marshw.o
 .rodata.PAL_CLOCK_SPEED
                0x0000000000000000        0x4 marshw.o
 .rodata.NTSC_CLOCK_SPEED
                0x0000000000000000        0x4 marshw.o
 .data          0x0000000000000000        0x0 wadbase.o
 .bss           0x0000000000000000        0x0 wadbase.o
 .text          0x0000000000000000        0x0 sh2_fixed.o
 .bss           0x0000000000000000        0x0 sh2_fixed.o
 .text          0x0000000000000000        0x0 sh2_draw.o
 .bss           0x0000000000000000        0x0 sh2_draw.o
 .data          0x0000000000000000        0x0 /opt/toolchains/sega/sh-elf/sh-elf/lib/libc.a(lib_a-memset.o)
 .bss           0x0000000000000000        0x0 /opt/toolchains/sega/sh-elf/sh-elf/lib/libc.a(lib_a-memset.o)
 .data          0x0000000000000000        0x0 /opt/toolchains/sega/sh-elf/lib/gcc/sh-elf/9.1.0/libgcc.a(_ashiftrt.o)
 .bss           0x0000000000000000        0x0 /opt/toolchains/sega/sh-elf/lib/gcc/sh-elf/9.1.0/libgcc.a(_ashiftrt.o)
 .data          0x0000000000000000        0x0 /opt/toolchains/sega/sh-elf/lib/gcc/sh-elf/9.1.0/libgcc.a(_ashiftrt_n.o)
 .bss           0x0000000000000000        0x0 /opt/toolchains/sega/sh-elf/lib/gcc/sh-elf/9.1.0/libgcc.a(_ashiftrt_n.o)
 .data          0x0000000000000000        0x0 /opt/toolchains/sega/sh-elf/lib/gcc/sh-elf/9.1.0/libgcc.a(_ashiftlt.o)
 .bss           0x0000000000000000        0x0 /opt/toolchains/sega/sh-elf/lib/gcc/sh-elf/9.1.0/libgcc.a(_ashiftlt.o)
 .data          0x0000000000000000        0x0 /opt/toolchains/sega/sh-elf/lib/gcc/sh-elf/9.1.0/libgcc.a(_sdivsi3.o)
 .bss           0x0000000000000000        0x0 /opt/toolchains/sega/sh-elf/lib/gcc/sh-elf/9.1.0/libgcc.a(_sdivsi3.o)
 .data          0x0000000000000000        0x0 /opt/toolchains/sega/sh-elf/lib/gcc/sh-elf/9.1.0/libgcc.a(_udivsi3.o)
 .bss           0x0000000000000000        0x0 /opt/toolchains/sega/sh-elf/lib/gcc/sh-elf/9.1.0/libgcc.a(_udivsi3.o)

Memory Configuration

Name             Origin             Length             Attributes
rom              0x0000000002000000 0x0000000000400000 xr
ram              0x0000000006000000 0x000000000003f800 xw
*default*        0x0000000000000000 0xffffffffffffffff

Linker script and memory map

LOAD crt0.o
LOAD /tmp/D32XR.elf.ofUHzT.ltrans0.ltrans.o
LOAD /tmp/D32XR.elf.ofUHzT.ltrans1.ltrans.o
LOAD /tmp/D32XR.elf.ofUHzT.ltrans2.ltrans.o
LOAD /tmp/cca79egQ.debug.temp.o
LOAD /tmp/ccaYbNaT.debug.temp.o
LOAD /tmp/cc71iGpR.debug.temp.o
LOAD /tmp/ccVv4B1S.debug.temp.o
LOAD /tmp/ccvHBOFU.debug.temp.o
LOAD /tmp/ccf6PUOU.debug.temp.o
LOAD /tmp/ccdN3GEU.debug.temp.o
LOAD /tmp/ccemeIPR.debug.temp.o
LOAD /tmp/ccJmTCpR.debug.temp.o
LOAD /tmp/ccpWkYKT.debug.temp.o
LOAD /tmp/ccYzAsXT.debug.temp.o
LOAD /tmp/ccIQrwPT.debug.temp.o
LOAD /tmp/cc9bCZZQ.debug.temp.o
LOAD /tmp/ccICUfcT.debug.temp.o
LOAD /tmp/cc6k3c0T.debug.temp.o
LOAD /tmp/ccxo304R.debug.temp.o
LOAD /tmp/ccO9flPU.debug.temp.o
LOAD /tmp/ccDnO4bQ.debug.temp.o
LOAD /tmp/ccQi6wdR.debug.temp.o
LOAD /tmp/ccdJgwMT.debug.temp.o
LOAD /tmp/ccHHHKbS.debug.temp.o
LOAD /tmp/ccIdBvqS.debug.temp.o
LOAD /tmp/ccXm8YAQ.debug.temp.o
LOAD /tmp/cc1QtwfT.debug.temp.o
LOAD /tmp/ccwRyQIQ.debug.temp.o
LOAD /tmp/ccnnFhjU.debug.temp.o
LOAD /tmp/ccN8hvNT.debug.temp.o
LOAD /tmp/ccVjD5lQ.debug.temp.o
LOAD /tmp/ccWbb4qQ.debug.temp.o
LOAD /tmp/ccbehViS.debug.temp.o
LOAD /tmp/ccthmlmS.debug.temp.o
LOAD /tmp/ccBvmPYS.debug.temp.o
LOAD /tmp/ccjIsKAU.debug.temp.o
LOAD /tmp/ccOqWJyS.debug.temp.o
LOAD /tmp/ccwmwMOQ.debug.temp.o
LOAD /tmp/ccdb7GAU.debug.temp.o
LOAD /tmp/cchDGWlU.debug.temp.o
LOAD /tmp/ccPVuWPQ.debug.temp.o
LOAD /tmp/ccIhBDGS.debug.temp.o
LOAD /tmp/ccDNxmPU.debug.temp.o
LOAD /tmp/cc1e5S6Q.debug.temp.o
LOAD /tmp/ccYSxtzU.debug.temp.o
LOAD /tmp/ccg5g5ZQ.debug.temp.o
LOAD /tmp/ccUkirUQ.debug.temp.o
LOAD /tmp/ccIGDU1T.debug.temp.o
LOAD /tmp/cc8GWaoT.debug.temp.o
LOAD /tmp/cc5j049R.debug.temp.o
LOAD /tmp/cc9iYu1S.debug.temp.o
LOAD /tmp/ccxAlH9Q.debug.temp.o
LOAD /tmp/ccJfJiOT.debug.temp.o
LOAD /tmp/cc22bhmU.debug.temp.o
LOAD /tmp/ccwRqQgS.debug.temp.o
LOAD /tmp/ccL2aJwS.debug.temp.o
LOAD /tmp/ccJQ17WQ.debug.temp.o
LOAD /tmp/ccIhnIJT.debug.temp.o
LOAD /tmp/ccjQQEMS.debug.temp.o
LOAD /tmp/ccSxyqLS.debug.temp.o
LOAD /tmp/ccH0RPzU.debug.temp.o
LOAD /tmp/ccficUDT.debug.temp.o
LOAD marshw.o
LOAD wadbase.o
LOAD sh2_fixed.o
LOAD sh2_draw.o
LOAD /opt/toolchains/sega/sh-elf/sh-elf/lib/libc.a
LOAD /opt/toolchains/sega/sh-elf/lib/gcc/sh-elf/9.1.0/libgcc.a
LOAD /opt/toolchains/sega/sh-elf/lib/gcc/sh-elf/9.1.0/libgcc-Os-4-200.a
LOAD /opt/toolchains/sega/sh-elf/sh-elf/lib/libnosys.a
                0x0000000000000000                __DYNAMIC = 0x0
                [!provide]                        PROVIDE (__stack = 0x603f800)

.text           0x0000000002000000   0x3f7cc0 load address 0x0000000000000000
                0x0000000002000000                __text_start = .
 *(.text)
 .text          0x0000000002000000     0x3d78 crt0.o
                0x0000000002003d78                _start
 .text          0x0000000002003d78     0x4b3c /tmp/D32XR.elf.ofUHzT.ltrans0.ltrans.o
                0x0000000002004694                _D_vsnprintf.constprop.0
                0x0000000002004860                _DrawJagobj2.constprop.0
                0x00000000020049c4                _Mars_RB_FinishWrite.constprop.0
                0x00000000020049e8                _Mars_RB_GetWriteBuf.constprop.0
                0x0000000002004a8c                _G_MapNumForMapName
                0x0000000002004ae8                _D_strchr
                0x0000000002004cac                _D_snprintf
                0x0000000002004cd0                _Mars_StartSoundMixer.lto_priv.0
                0x0000000002004cec                _Mars_StopSoundMixer.lto_priv.0
                0x0000000002004d08                _SaveGameExt.lto_priv.0
                0x0000000002004d7c                _DrawJagobj
                0x0000000002004da0                _DrawJagobjLump.constprop.0
                0x0000000002004f66                _IN_DrawValue.constprop.0
                0x0000000002004fe8                _I_DrawSbar
                0x0000000002005048                _wait
                0x0000000002005064                _PutSerialChar
                0x0000000002005080                _GetSerialChar
                0x00000000020050b4                _WaitGetSerialChar
                0x00000000020050f0                _UpdateBuffer
                0x00000000020050fc                _I_Update
                0x00000000020052d0                _I_ClearFrameBuffer
                0x00000000020052fc                _DrawTiledBackground
                0x00000000020053ac                _DoubleBufferSetup
                0x00000000020053e4                _I_WorkBuffer
                0x0000000002005418                _I_TempBuffer
                0x0000000002005434                _I_ReadControls
                0x00000000020056d8                _I_Print8
                0x00000000020057b4                _I_NetSetup
                0x000000000200590c                _I_Error
                0x0000000002005954                _P_StartButton.constprop.0
                0x00000000020059c4                _Mars_CommSlaveClearCache.lto_priv.0.lto_priv.0
                0x00000000020059e0                _Z_CheckHeap
                0x0000000002005a50                _Z_Malloc2
                0x0000000002005cd4                _Z_Free2
                0x0000000002005dd8                _Z_FreeTags
                0x0000000002005e20                _W_GetNameForNum
                0x0000000002005e58                _G_GetMapNameForLump
                0x0000000002005e88                _W_ReadLump
                0x0000000002005f58                _W_LumpLength
                0x0000000002005f90                _W_CacheLumpNum.constprop.0
                0x0000000002006004                _W_CheckNumForName
                0x00000000020061ec                _G_LoadMaplist
                0x0000000002006344                _G_FindMapinfo
                0x0000000002006418                _G_MapNumForLumpNum
                0x0000000002006464                _G_LumpNumForMapNum
                0x00000000020064b8                _M_MapName.constprop.0
                0x0000000002006504                _W_GetNumForName
                0x0000000002007268                _S_StopSong
                0x0000000002007290                _S_StartSong
                0x00000000020073a4                _S_SetMusicType.part.0
                0x0000000002007518                _S_SongForLump
                0x0000000002007540                _R_TextureNumForName
                0x0000000002007568                _R_FlatNumForName
                0x00000000020075f0                _R_SetupTextureCaches
                0x0000000002007700                _R_SetDetailMode
                0x0000000002007798                _R_SetViewportSize
                0x00000000020078a8                _S_StartSound
                0x0000000002007934                _sec_dma1_handler
                0x00000000020079b4                _secondary
                0x00000000020082dc                _R_RenderPlayerView
                0x0000000002008504                _P_SlideMove
 .text          0x00000000020088b4     0x6d60 /tmp/D32XR.elf.ofUHzT.ltrans1.ltrans.o
                0x000000000200890c                _P_Start
                0x0000000002008c88                _A_Light2
                0x0000000002008c90                _A_Light1
                0x0000000002008c98                _A_Light0
                0x0000000002008de8                _A_GunFlash
                0x0000000002008e08                _A_Raise
                0x00000000020091f8                _A_ReFire
                0x00000000020093b6                _A_Fall
                0x00000000020096c8                _A_BFGsound
                0x00000000020096d4                _A_WeaponReady
                0x0000000002009820                _A_Lower
                0x000000000200986c                _A_Pain
                0x0000000002009898                _A_XScream
                0x00000000020098a4                _A_Scream
                0x0000000002009914                _P_Stop
                0x0000000002009924                _P_Drawer
                0x0000000002009c7c                _A_FaceTarget
                0x000000000200a5e0                _A_BossDeath
                0x000000000200b6fc                _A_BFGSpray
                0x000000000200b7b0                _A_FireShotgun
                0x000000000200b8d0                _A_FireCGun
                0x000000000200b964                _A_FirePistol
                0x000000000200b9c0                _A_Saw
                0x000000000200bab4                _A_Punch
                0x000000000200bb48                _A_SargAttack
                0x000000000200bb94                _A_SPosAttack
                0x000000000200bc1c                _A_PosAttack
                0x000000000200be60                _A_Explode
                0x000000000200be70                _A_SkullAttack
                0x000000000200bf5c                _P_Init
                0x000000000200c044                _P_SetupLevel
                0x000000000200de8c                _A_FirePlasma
                0x000000000200dee4                _A_FireBFG
                0x000000000200df10                _A_FireMissile
                0x000000000200e038                _A_BruisAttack
                0x000000000200e0b0                _A_HeadAttack
                0x000000000200e120                _A_TroopAttack
                0x000000000200e19c                _P_Ticker
 .text          0x000000000200f614     0x4c28 /tmp/D32XR.elf.ofUHzT.ltrans2.ltrans.o
                0x000000000200f614                _TIC_Abortable
                0x000000000200f8cc                _STOP_Credits
                0x000000000200fd40                _START_Credits.lto_priv.0
                0x00000000020100f2                _STOP_Title
                0x0000000002010174                _DRAW_Title
                0x0000000002010508                _G_CheckSpot
                0x000000000201057c                _D_strncasecmp
                0x00000000020105c2                _D_strncpy
                0x00000000020105de                _D_memcpy
                0x0000000002010684                _TIC_Credits.lto_priv.0
                0x0000000002010790                _D_memset
                0x0000000002010816                _G_InitPlayerResp.lto_priv.0
                0x0000000002010aa4                _G_PlayerReborn
                0x0000000002010b94                _MiniLoop
                0x00000000020112b4                _START_Title
                0x00000000020118b0                _RunMenu
                0x0000000002011b2c                _mystrlen.part.0
                0x0000000002011b42                _mystrlen
                0x0000000002011b54                _DRAW_Credits.lto_priv.0
                0x0000000002012144                _LongSwap
                0x0000000002012174                _D_printf
                0x00000000020121c4                _O_Init
                0x000000000201245c                _M_Drawer
                0x00000000020127d8                _O_Drawer
                0x0000000002012a9c                _M_Ticker
                0x0000000002012ed8                _O_Control
                0x000000000201342c                _valtostr
                0x00000000020134f4                _ST_Drawer
                0x000000000201374c                _ST_Ticker
                0x0000000002013df4                _ST_ForceDraw
                0x0000000002013e10                _ST_Init
                0x0000000002013ed4                _AM_Drawer
 *fill*         0x000000000201423c        0x4 
 .text          0x0000000002014240   0x3d9410 wadbase.o
                0x00000000023ed644                _wadBase
 .text          0x00000000023ed650       0x40 /opt/toolchains/sega/sh-elf/sh-elf/lib/libc.a(lib_a-memset.o)
                0x00000000023ed650                _memset
 .text          0x00000000023ed690       0x52 /opt/toolchains/sega/sh-elf/lib/gcc/sh-elf/9.1.0/libgcc.a(_ashiftrt.o)
                0x00000000023ed690                ___ashiftrt_r4_31
                0x00000000023ed690                ___ashiftrt_r4_32
                0x00000000023ed696                ___ashiftrt_r4_30
                0x00000000023ed698                ___ashiftrt_r4_29
                0x00000000023ed69a                ___ashiftrt_r4_28
                0x00000000023ed69c                ___ashiftrt_r4_27
                0x00000000023ed69e                ___ashiftrt_r4_26
                0x00000000023ed6a0                ___ashiftrt_r4_25
                0x00000000023ed6a2                ___ashiftrt_r4_24
                0x00000000023ed6aa                ___ashiftrt_r4_23
                0x00000000023ed6ac                ___ashiftrt_r4_22
                0x00000000023ed6ae                ___ashiftrt_r4_21
                0x00000000023ed6b0                ___ashiftrt_r4_20
                0x00000000023ed6b2                ___ashiftrt_r4_19
                0x00000000023ed6b4                ___ashiftrt_r4_18
                0x00000000023ed6b6                ___ashiftrt_r4_17
                0x00000000023ed6b8                ___ashiftrt_r4_16
                0x00000000023ed6be                ___ashiftrt_r4_15
                0x00000000023ed6c0                ___ashiftrt_r4_14
                0x00000000023ed6c2                ___ashiftrt_r4_13
                0x00000000023ed6c4                ___ashiftrt_r4_12
                0x00000000023ed6c6                ___ashiftrt_r4_11
                0x00000000023ed6c8                ___ashiftrt_r4_10
                0x00000000023ed6ca                ___ashiftrt_r4_9
                0x00000000023ed6cc                ___ashiftrt_r4_8
                0x00000000023ed6ce                ___ashiftrt_r4_7
                0x00000000023ed6d0                ___ashiftrt_r4_6
                0x00000000023ed6d2                ___ashiftrt_r4_5
                0x00000000023ed6d4                ___ashiftrt_r4_4
                0x00000000023ed6d6                ___ashiftrt_r4_3
                0x00000000023ed6d8                ___ashiftrt_r4_2
                0x00000000023ed6da                ___ashiftrt_r4_1
                0x00000000023ed6de                ___ashiftrt_r4_0
 *fill*         0x00000000023ed6e2        0x2 
 .text          0x00000000023ed6e4       0x80 /opt/toolchains/sega/sh-elf/lib/gcc/sh-elf/9.1.0/libgcc.a(_ashiftrt_n.o)
                0x00000000023ed6e4                ___ashrsi3
 .text          0x00000000023ed764       0xbc /opt/toolchains/sega/sh-elf/lib/gcc/sh-elf/9.1.0/libgcc.a(_ashiftlt.o)
                0x00000000023ed764                ___ashlsi3
                0x00000000023ed768                ___ashlsi3_r0
 .text          0x00000000023ed820       0xa0 /opt/toolchains/sega/sh-elf/lib/gcc/sh-elf/9.1.0/libgcc.a(_sdivsi3.o)
                0x00000000023ed820                ___sdivsi3
 .text          0x00000000023ed8c0       0x6c /opt/toolchains/sega/sh-elf/lib/gcc/sh-elf/9.1.0/libgcc.a(_udivsi3.o)
                0x00000000023ed8e2                ___udivsi3
 *(.text.*)
 .text.startup  0x00000000023ed92c      0x650 /tmp/D32XR.elf.ofUHzT.ltrans0.ltrans.o
                0x00000000023ed92c                _main
 .text.Mars_WaitFrameBuffersFlip
                0x00000000023edf7c       0x1c marshw.o
                0x00000000023edf7c                _Mars_WaitFrameBuffersFlip
 .text.Mars_FlipFrameBuffers
                0x00000000023edf98       0x34 marshw.o
                0x00000000023edf98                _Mars_FlipFrameBuffers
 .text.Mars_FramebuffersFlipped
                0x00000000023edfcc       0x18 marshw.o
                0x00000000023edfcc                _Mars_FramebuffersFlipped
 .text.Mars_InitLineTable
                0x00000000023edfe4      0x1a0 marshw.o
                0x00000000023edfe4                _Mars_InitLineTable
 .text.Mars_UploadPalette
                0x00000000023ee184       0xac marshw.o
                0x00000000023ee184                _Mars_UploadPalette
 .text.Mars_PollMouse
                0x00000000023ee230       0x3c marshw.o
                0x00000000023ee230                _Mars_PollMouse
 .text.Mars_ParseMousePacket
                0x00000000023ee26c       0x64 marshw.o
                0x00000000023ee26c                _Mars_ParseMousePacket
 .text.Mars_GetFRTCounter
                0x00000000023ee2d0       0x18 marshw.o
                0x00000000023ee2d0                _Mars_GetFRTCounter
 .text.Mars_InitVideo
                0x00000000023ee2e8      0x1b8 marshw.o
                0x00000000023ee2e8                _Mars_InitVideo
 .text.Mars_FrameBufferLines
                0x00000000023ee4a0       0x24 marshw.o
                0x00000000023ee4a0                _Mars_FrameBufferLines
 .text.Mars_UpdateCD
                0x00000000023ee4c4       0x44 marshw.o
                0x00000000023ee4c4                _Mars_UpdateCD
 .text.Mars_Init
                0x00000000023ee508       0xe8 marshw.o
                0x00000000023ee508                _Mars_Init
 .text.Mars_UseCD
                0x00000000023ee5f0       0x3c marshw.o
                0x00000000023ee5f0                _Mars_UseCD
 .text.Mars_PlayTrack
                0x00000000023ee62c       0x6c marshw.o
                0x00000000023ee62c                _Mars_PlayTrack
 .text.Mars_StopTrack
                0x00000000023ee698       0x1c marshw.o
                0x00000000023ee698                _Mars_StopTrack
 .text.Mars_ClearNTA
                0x00000000023ee6b4       0x1c marshw.o
                0x00000000023ee6b4                _Mars_ClearNTA
 .text.Mars_DebugStart
                0x00000000023ee6d0       0x1c marshw.o
                0x00000000023ee6d0                _Mars_DebugStart
 .text.Mars_DebugQueue
                0x00000000023ee6ec       0x24 marshw.o
                0x00000000023ee6ec                _Mars_DebugQueue
 .text.Mars_DebugEnd
                0x00000000023ee710       0x1c marshw.o
                0x00000000023ee710                _Mars_DebugEnd
 *(.gnu.linkonce.t.*)
                0x00000000023ee730                . = ALIGN (0x10)
 *fill*         0x00000000023ee72c        0x4 
                0x00000000023ee730                __INIT_SECTION__ = .
 *(.init)
                0x00000000023ee730        0x2 SHORT 0xb
                0x00000000023ee732        0x2 SHORT 0x9
                0x00000000023ee740                . = ALIGN (0x10)
 *fill*         0x00000000023ee734        0xc 
                0x00000000023ee740                __FINI_SECTION__ = .
 *(.fini)
                0x00000000023ee740        0x2 SHORT 0xb
                0x00000000023ee742        0x2 SHORT 0x9
 *(.eh_frame_hdr)
 *(.eh_frame)
 *(.gcc_except_table)
 *(.gcc_except_table.*)
 *(.jcr)
                0x00000000023ee750                . = ALIGN (0x10)
 *fill*         0x00000000023ee744        0xc 
                0x00000000023ee750                __CTOR_LIST__ = .
                0x00000000023ee750                ___CTOR_LIST__ = .
                0x00000000023ee750        0x4 LONG 0x0 (((__CTOR_END__ - __CTOR_LIST__) / 0x4) - 0x2)
 *(SORT_BY_NAME(.ctors.*))
 *(.ctors)
                0x00000000023ee754        0x4 LONG 0x0
                0x00000000023ee758                __CTOR_END__ = .
                0x00000000023ee760                . = ALIGN (0x10)
 *fill*         0x00000000023ee758        0x8 
                0x00000000023ee760                __DTOR_LIST__ = .
                0x00000000023ee760                ___DTOR_LIST__ = .
                0x00000000023ee760        0x4 LONG 0x0 (((__DTOR_END__ - __DTOR_LIST__) / 0x4) - 0x2)
 *(SORT_BY_NAME(.dtors.*))
 *(.dtors)
                0x00000000023ee764        0x4 LONG 0x0
                0x00000000023ee768                __DTOR_END__ = .
 *(.rdata)
 *(.rodata)
 .rodata        0x00000000023ee768     0x6aec /tmp/D32XR.elf.ofUHzT.ltrans0.ltrans.o
                0x00000000023f3794                _states
                0x00000000023f4d98                _mus_none
                0x00000000023f509c                _configuration
                0x00000000023f5250                _framebuffer.lto_priv.0
 .rodata        0x00000000023f5254     0x147c /tmp/D32XR.elf.ofUHzT.ltrans1.ltrans.o
                0x00000000023f52d8                _card_y
                0x00000000023f53c0                _mobjinfo
                0x00000000023f6610                _weaponinfo
 .rodata        0x00000000023f66d0      0x33e /tmp/D32XR.elf.ofUHzT.ltrans2.ltrans.o
 *(.rodata.*)
 *fill*         0x00000000023f6a0e        0x2 
 .rodata.str1.4
                0x00000000023f6a10      0xa09 /tmp/D32XR.elf.ofUHzT.ltrans0.ltrans.o
 *fill*         0x00000000023f7419        0x3 
 .rodata.str1.4
                0x00000000023f741c      0x4f4 /tmp/D32XR.elf.ofUHzT.ltrans1.ltrans.o
 .rodata.str1.4
                0x00000000023f7910      0x3a8 /tmp/D32XR.elf.ofUHzT.ltrans2.ltrans.o
                                        0x3cb (size before relaxing)
 *(.gnu.linkonce.r.*)
                0x00000000023f7cc0                . = ALIGN (0x10)
 *fill*         0x00000000023f7cb8        0x8 
                0x00000000023f7cc0                __text_end = .
                0x00000000003f7cc0                __text_size = (__text_end - __text_start)

.rela.dyn       0x00000000023f7cc0        0x0 load address 0x00000000003f7cc0
 .rela.text     0x00000000023f7cc0        0x0 crt0.o
 .rela.data     0x00000000023f7cc0        0x0 crt0.o
 .rela.text.Mars_Init
                0x00000000023f7cc0        0x0 crt0.o
 .rela.text.startup
                0x00000000023f7cc0        0x0 crt0.o

.data           0x0000000006000000     0x6570 load address 0x00000000003f7cc0
                0x0000000006000000                __data_start = .
 *(.data)
 .data          0x0000000006000000      0x760 crt0.o
                0x0000000006000680                _S_PaintChannel
                0x0000000006000720                _fast_memcpy
                0x0000000006000730                _CacheControl
                0x0000000006000740                _SetSH2SR
 .data          0x0000000006000760     0x3190 /tmp/D32XR.elf.ofUHzT.ltrans0.ltrans.o
                0x0000000006001fa0                _P_RadiusAttack.constprop.0
                0x0000000006002590                _finesine
                0x00000000060025f0                _finecosine
                0x0000000006002a50                _R_PointInSubsector
                0x0000000006002ae0                _R_PointToAngle2
                0x0000000006003718                _curpalette.lto_priv.0
                0x000000000600371a                _validcount
                0x0000000006003822                _musictype
                0x0000000006003824                _musicvolume
                0x0000000006003826                _sfxvolume
                0x0000000006003828                _COLOR_BLACK
                0x000000000600382c                _ticrate
                0x000000000600387c                _cy
                0x0000000006003884                _startmap
                0x0000000006003888                _startskill
 .data          0x00000000060038f0     0x27d2 /tmp/D32XR.elf.ofUHzT.ltrans1.ltrans.o
                0x0000000006004a40                _A_Look
                0x0000000006004ae0                _PIT_RadiusAttack
                0x0000000006004d90                _P_BlockThingsIterator
                0x0000000006004df0                _P_BlockLinesIterator
                0x0000000006004e80                _P_TryMove2
                0x0000000006005460                _A_Chase
                0x0000000006005cb0                _P_LineBBox
 *fill*         0x00000000060060c2        0xe 
 .data          0x00000000060060d0       0x44 /tmp/D32XR.elf.ofUHzT.ltrans2.ltrans.o
                0x00000000060060f0                _P_Random
 *fill*         0x0000000006006114        0xc 
 .data          0x0000000006006120      0x134 marshw.o
                0x0000000006006120                _Mars_ReadSRAM
                0x0000000006006170                _Mars_WriteSRAM
                0x00000000060061c0                _pri_vbi_handler
 *fill*         0x0000000006006254        0xc 
 .data          0x0000000006006260       0x40 sh2_fixed.o
                0x0000000006006260                _FixedMul
                0x0000000006006270                _FixedDiv
                0x0000000006006290                _IDiv
 .data          0x00000000060062a0      0x2c4 sh2_draw.o
                0x00000000060062a0                _I_DrawColumnLowA
                0x0000000006006300                _I_DrawColumnNPo2LowA
                0x0000000006006380                _I_DrawSpanLowA
                0x0000000006006400                _I_DrawColumnA
                0x0000000006006460                _I_DrawColumnNPo2A
                0x00000000060064e0                _I_DrawSpanA
 *(.data.*)
 .data.mars_framebuffer_height
                0x0000000006006564        0x2 marshw.o
                0x0000000006006564                _mars_framebuffer_height
 .data.mars_requested_lines
                0x0000000006006566        0x2 marshw.o
                0x0000000006006566                _mars_requested_lines
 *(.gnu.linkonce.d.*)
 *(.lit8)
 *(.lit4)
 *(.sdata)
 *(.sdata.*)
 *(.gnu.linkonce.s.*)
                0x0000000006006570                . = ALIGN (0x10)
 *fill*         0x0000000006006568        0x8 
                0x0000000006006570                __data_end = .
                0x0000000000006570                __data_size = (__data_end - __data_start)

.bss            0x0000000006006570    0x34790 load address 0x00000000003fe230
                0x0000000006006570                __bss_start = .
 *(.bss)
 .bss           0x0000000006006570    0x33ac0 /tmp/D32XR.elf.ofUHzT.ltrans0.ltrans.o
                0x0000000006006570                _blockmaplump
                0x0000000006006574                _blockmap
                0x0000000006006578                _specialline
                0x000000000600657c                _bmapheight
                0x0000000006006580                _bmapwidth
                0x0000000006006584                _slidey
                0x0000000006006588                _slidex
                0x000000000600658c                _slidething
                0x0000000006006590                _gamepaused
                0x0000000006006594                _displayplayer
                0x0000000006006598                _numnodes
                0x000000000600659c                _tictics
                0x00000000060065a0                _segs
                0x00000000060065a4                _subsectors
                0x00000000060065a8                _nodes
                0x00000000060065ac                _skytexturep
                0x00000000060065b0                _num_music
                0x00000000060065b2                _alwaysrun
                0x00000000060065b4                _detailmode
                0x00000000060065b8                _viewportNum
                0x00000000060065bc                _mousepresent
                0x00000000060065c0                _textures
                0x00000000060065c4                _flattranslation
                0x00000000060065c8                _lines
                0x00000000060065cc                _vertexes
                0x00000000060065d0                _controltype
                0x00000000060065d2                _strafebtns
                0x00000000060065d4                _lasttics
                0x00000000060065d8                _demorecording
                0x00000000060065dc                _demoplayback
                0x00000000060065e0                _clearscreen
                0x00000000060065e4                _oldticrealbuttons
                0x00000000060065e8                _ticrealbuttons
                0x00000000060065ec                _players
                0x0000000006006764                _starttype
                0x0000000006006768                _consoleplayer
                0x000000000600676c                _viewportWidth
                0x000000000600676e                _viewportHeight
                0x0000000006006770                _gameinfo
                0x0000000006006784                _playersresp
                0x00000000060067cc                _netgame
                0x00000000060067d0                _gameskill
                0x00000000060067d4                _m_fire.lto_priv.0
                0x00000000060067d8                _bombdamage
                0x00000000060067dc                _bombsource
                0x00000000060067e0                _bombspot
                0x00000000060067e4                _bmaporgx
                0x00000000060067e8                _bmaporgy
                0x00000000060067ec                _sides
                0x00000000060067f0                _sectors
                0x00000000060067f4                _buttonlist
                0x00000000060068f4                _spriteframes
                0x00000000060068f8                _sprites
                0x0000000006006a64                _spr_rotations
                0x0000000006006a68                _snums
                0x0000000006006a6c                _lumpinfo
                0x0000000006006a70                _wadfileptr
                0x0000000006006a80                _soundcmds.lto_priv.0
                0x0000000006006bb0                _mainzone
                0x0000000006006bb4                _debugmode
 .bss           0x000000000603a030      0x794 /tmp/D32XR.elf.ofUHzT.ltrans1.ltrans.o
                0x000000000603a030                _totalitems
                0x000000000603a034                _totalkills
                0x000000000603a038                _numlines
                0x000000000603a03c                _totalsecret
                0x000000000603a040                _flashCards
                0x000000000603a094                _doSpclFace
                0x000000000603a098                _gibdelay
                0x000000000603a09c                _gibframe
                0x000000000603a0a0                _gibdraw
                0x000000000603a0a4                _flashInitialDraw
                0x000000000603a0a8                _hisFrags
                0x000000000603a0b6                _yourFrags
                0x000000000603a0c4                _numstbarcmds
                0x000000000603a0c6                _stbarframe
                0x000000000603a0c8                _facetics
                0x000000000603a0cc                _ticon
                0x000000000603a0d0                _ticmousey
                0x000000000603a0d8                _ticmousex
                0x000000000603a0e0                _stbar
                0x000000000603a108                _blink.lto_priv.0
                0x000000000603a10c                _oldplayery.lto_priv.0
                0x000000000603a110                _oldplayerx.lto_priv.0
                0x000000000603a114                _oldticbuttons
                0x000000000603a11c                _ticbuttons
                0x000000000603a124                _playeringame
                0x000000000603a12c                _gameaction
                0x000000000603a130                _scale.lto_priv.0
                0x000000000603a134                _gamemapinfo
                0x000000000603a158                _rndindex
                0x000000000603a15c                _prndindex
                0x000000000603a160                _gamevbls
                0x000000000603a164                _vblsinframe
                0x000000000603a16c                _playernum
                0x000000000603a170                _trymove2
                0x000000000603a174                _checkposonly
                0x000000000603a178                _tmy
                0x000000000603a17c                _tmx
                0x000000000603a180                _tmthing
                0x000000000603a184                _prevgametic
                0x000000000603a188                _gametic
 .bss           0x000000000603a7c4      0x4fc /tmp/D32XR.elf.ofUHzT.ltrans2.ltrans.o
 *(.bss.*)
 .bss.mars_refresh_hz
                0x000000000603acc0        0x2 marshw.o
                0x000000000603acc0                _mars_refresh_hz
 .bss.mars_num_cd_tracks
                0x000000000603acc2        0x2 marshw.o
                0x000000000603acc2                _mars_num_cd_tracks
 .bss.mars_cd_ok
                0x000000000603acc4        0x2 marshw.o
                0x000000000603acc4                _mars_cd_ok
 *fill*         0x000000000603acc6        0x2 
 .bss.mars_newpalette
                0x000000000603acc8        0x4 marshw.o
                0x000000000603acc8                _mars_newpalette
 .bss.mars_frtc2msec_frac
                0x000000000603accc        0x4 marshw.o
                0x000000000603accc                _mars_frtc2msec_frac
 .bss.mars_swdt_ovf_count
                0x000000000603acd0        0x4 marshw.o
                0x000000000603acd0                _mars_swdt_ovf_count
 .bss.mars_pwdt_ovf_count
                0x000000000603acd4        0x4 marshw.o
                0x000000000603acd4                _mars_pwdt_ovf_count
 .bss.mars_vblank_count
                0x000000000603acd8        0x4 marshw.o
                0x000000000603acd8                _mars_vblank_count
 .bss.mars_activescreen
                0x000000000603acdc        0x4 marshw.o
 *(.gnu.linkonce.b.*)
 *(.sbss)
 *(.sbss.*)
 *(.gnu.linkonce.sb.*)
 *(.scommon)
 *(COMMON)
 COMMON         0x000000000603ace0        0x8 /tmp/D32XR.elf.ofUHzT.ltrans0.ltrans.o
                0x000000000603ace0                _viewportbuffer
                0x000000000603ace4                _dc_colormaps
 COMMON         0x000000000603ace8       0x14 marshw.o
                0x000000000603ace8                _mars_controls
                0x000000000603acec                _mars_mouseport
                0x000000000603acf0                _mars_gamepadport
                0x000000000603acf4                _mars_gamepadport2
                0x000000000603acf8                _mars_controls2
                0x000000000603ad00                . = ALIGN (0x10)
 *fill*         0x000000000603acfc        0x4 
                0x000000000603ad00                end = .
                0x000000000603ad00                _end = end
                0x000000000603ad00                __end = _end
                0x000000000603ad00                __bss_end = .
                0x0000000000034790                __bss_size = (__bss_end - __bss_start)
OUTPUT(D32XR.elf elf32-sh)

.comment        0x0000000000000000       0x11
 .comment       0x0000000000000000       0x12 /tmp/D32XR.elf.ofUHzT.ltrans0.ltrans.o
 .comment       0x0000000000000000       0x12 /tmp/D32XR.elf.ofUHzT.ltrans1.ltrans.o
 .comment       0x0000000000000000       0x12 /tmp/D32XR.elf.ofUHzT.ltrans2.ltrans.o
 .comment       0x0000000000000000       0x11 marshw.o
                                         0x12 (size before relaxing)

.debug_info     0x0000000000000000      0x986
 .debug_info    0x0000000000000000      0x986 marshw.o

.debug_abbrev   0x0000000000000000      0x26d
 .debug_abbrev  0x0000000000000000      0x26d marshw.o

.debug_loc      0x0000000000000000      0x96a
 .debug_loc     0x0000000000000000      0x96a marshw.o

.debug_aranges  0x0000000000000000      0x100
 .debug_aranges
                0x0000000000000000      0x100 marshw.o

.debug_ranges   0x0000000000000000       0xf0
 .debug_ranges  0x0000000000000000       0xf0 marshw.o

.debug_line     0x0000000000000000     0x1016
 .debug_line    0x0000000000000000     0x1016 marshw.o

.debug_str      0x0000000000000000      0x4fa
 .debug_str     0x0000000000000000      0x4fa marshw.o
                                        0x568 (size before relaxing)

.debug_frame    0x0000000000000000      0x27c
 .debug_frame   0x0000000000000000      0x27c marshw.o
