Archive member included to satisfy reference by file (symbol)

/opt/toolchains/sega/m68k-elf/m68k-elf/lib/libc.a(lib_a-memcmp.o)
                              main.o (memcmp)
/opt/toolchains/sega/m68k-elf/m68k-elf/lib/libc.a(lib_a-memcpy.o)
                              main.o (memcpy)
/opt/toolchains/sega/m68k-elf/m68k-elf/lib/libc.a(lib_a-memset.o)
                              main.o (memset)
/opt/toolchains/sega/m68k-elf/lib/gcc/m68k-elf/9.1.0/libgcc.a(_divsi3.o)
                              xvprintf.o (__divsi3)
/opt/toolchains/sega/m68k-elf/lib/gcc/m68k-elf/9.1.0/libgcc.a(_modsi3.o)
                              xvprintf.o (__modsi3)
/opt/toolchains/sega/m68k-elf/lib/gcc/m68k-elf/9.1.0/libgcc.a(_mulsi3.o)
                              /opt/toolchains/sega/m68k-elf/lib/gcc/m68k-elf/9.1.0/libgcc.a(_modsi3.o) (__mulsi3)
/opt/toolchains/sega/m68k-elf/lib/gcc/m68k-elf/9.1.0/libgcc.a(_udivsi3.o)
                              /opt/toolchains/sega/m68k-elf/lib/gcc/m68k-elf/9.1.0/libgcc.a(_divsi3.o) (__udivsi3)

Memory Configuration

Name             Origin             Length             Attributes
rom              0x0000000000880800 0x000000000007f800 xr
ram              0x0000000000ff0000 0x0000000000010000 xw
*default*        0x0000000000000000 0xffffffffffffffff

Linker script and memory map

LOAD crt0.o
LOAD font.o
LOAD main.o
LOAD kos.o
LOAD cd.o
LOAD lzss.o
LOAD vgm.o
LOAD vgm_player.o
LOAD xvprintf.o
LOAD /opt/toolchains/sega/m68k-elf/m68k-elf/lib/libc.a
LOAD /opt/toolchains/sega/m68k-elf/lib/gcc/m68k-elf/9.1.0/libgcc.a
LOAD /opt/toolchains/sega/m68k-elf/m68k-elf/lib/libnosys.a
                0x0000000000000000                __DYNAMIC = 0x0
                0x0000000001000000                PROVIDE (__stack = 0x1000000)

.text           0x0000000000880800     0x1a50 load address 0x0000000000000000
                0x0000000000880800                __text_start = .
 *(.text)
 .text          0x0000000000880800      0x364 crt0.o
                0x0000000000880800                _start
                0x0000000000880a62                write_byte
                0x0000000000880a6e                write_word
                0x0000000000880a7a                write_long
                0x0000000000880a86                read_byte
                0x0000000000880a8e                read_word
                0x0000000000880a96                read_long
 .text          0x0000000000880b64      0xd60 font.o
                0x0000000000880b64                font_data
 .text          0x00000000008818c4      0x234 main.o
                0x00000000008818c4                InitCD
                0x0000000000881ae4                main
 .text          0x0000000000881af8       0xb0 kos.o
                0x0000000000881af8                Kos_Decomp
 .text          0x0000000000881ba8      0x1b4 cd.o
                0x0000000000881ba8                Sub_Start
                0x0000000000881d5c                Sub_End
 .text          0x0000000000881d5c      0x25a lzss.o
                0x0000000000881d5c                lzss_setup
                0x0000000000881d88                lzss_read
 *fill*         0x0000000000881fb6        0x2 
 .text          0x0000000000881fb8        0x0 vgm.o
 .text          0x0000000000881fb8        0x0 vgm_player.o
 .text          0x0000000000881fb8        0x0 xvprintf.o
 .text          0x0000000000881fb8       0x78 /opt/toolchains/sega/m68k-elf/m68k-elf/lib/libc.a(lib_a-memcmp.o)
                0x0000000000881fb8                memcmp
 .text          0x0000000000882030       0x6e /opt/toolchains/sega/m68k-elf/m68k-elf/lib/libc.a(lib_a-memcpy.o)
                0x0000000000882030                memcpy
 *fill*         0x000000000088209e        0x2 
 .text          0x00000000008820a0       0x72 /opt/toolchains/sega/m68k-elf/m68k-elf/lib/libc.a(lib_a-memset.o)
                0x00000000008820a0                memset
 *fill*         0x0000000000882112        0x2 
 .text          0x0000000000882114       0x2e /opt/toolchains/sega/m68k-elf/lib/gcc/m68k-elf/9.1.0/libgcc.a(_divsi3.o)
                0x0000000000882114                __divsi3
 *fill*         0x0000000000882142        0x2 
 .text          0x0000000000882144       0x2e /opt/toolchains/sega/m68k-elf/lib/gcc/m68k-elf/9.1.0/libgcc.a(_modsi3.o)
                0x0000000000882144                __modsi3
 *fill*         0x0000000000882172        0x2 
 .text          0x0000000000882174       0x22 /opt/toolchains/sega/m68k-elf/lib/gcc/m68k-elf/9.1.0/libgcc.a(_mulsi3.o)
                0x0000000000882174                __mulsi3
 *fill*         0x0000000000882196        0x2 
 .text          0x0000000000882198       0x5c /opt/toolchains/sega/m68k-elf/lib/gcc/m68k-elf/9.1.0/libgcc.a(_udivsi3.o)
                0x0000000000882198                __udivsi3
 *(.text.*)
 *(.gnu.linkonce.t.*)
                0x0000000000882200                . = ALIGN (0x10)
 *fill*         0x00000000008821f4        0xc 
                0x0000000000882200                __INIT_SECTION__ = .
 *(.init)
                0x0000000000882200        0x2 SHORT 0x4e75
                0x0000000000882210                . = ALIGN (0x10)
 *fill*         0x0000000000882202        0xe 
                0x0000000000882210                __FINI_SECTION__ = .
 *(.fini)
                0x0000000000882210        0x2 SHORT 0x4e75
 *(.eh_frame_hdr)
 *(.eh_frame)
 *(.gcc_except_table)
 *(.gcc_except_table.*)
 *(.jcr)
                0x0000000000882220                . = ALIGN (0x10)
 *fill*         0x0000000000882212        0xe 
                0x0000000000882220                __CTOR_LIST__ = .
                0x0000000000882220                ___CTOR_LIST__ = .
                0x0000000000882220        0x4 LONG 0x0 (((__CTOR_END__ - __CTOR_LIST__) / 0x4) - 0x2)
 *(SORT_BY_NAME(.ctors.*))
 *(.ctors)
                0x0000000000882224        0x4 LONG 0x0
                0x0000000000882228                __CTOR_END__ = .
                0x0000000000882230                . = ALIGN (0x10)
 *fill*         0x0000000000882228        0x8 
                0x0000000000882230                __DTOR_LIST__ = .
                0x0000000000882230                ___DTOR_LIST__ = .
                0x0000000000882230        0x4 LONG 0x0 (((__DTOR_END__ - __DTOR_LIST__) / 0x4) - 0x2)
 *(SORT_BY_NAME(.dtors.*))
 *(.dtors)
                0x0000000000882234        0x4 LONG 0x0
                0x0000000000882238                __DTOR_END__ = .
 *(.rdata)
 *(.rodata)
 *(.rodata.*)
 .rodata.str1.1
                0x0000000000882238        0xc main.o
 *(.gnu.linkonce.r.*)
                0x0000000000882250                . = ALIGN (0x10)
 *fill*         0x0000000000882244        0xc 
                0x0000000000882250                __text_end = .
                0x0000000000001a50                __text_size = (__text_end - __text_start)

.data           0x0000000000ff0000     0x1ab0 load address 0x0000000000001a50
                0x0000000000ff0000                __data_start = .
 *(.data)
 .data          0x0000000000ff0000      0xbf0 crt0.o
                0x0000000000ff0000                do_main
                0x0000000000ff0a50                gen_lvl2
                0x0000000000ff0a52                use_cd
                0x0000000000ff0a54                cd_ok
 .data          0x0000000000ff0bf0        0x0 font.o
 .data          0x0000000000ff0bf0        0x0 main.o
 .data          0x0000000000ff0bf0        0x0 kos.o
 .data          0x0000000000ff0bf0        0x0 cd.o
 .data          0x0000000000ff0bf0        0x0 lzss.o
 .data          0x0000000000ff0bf0       0x4a vgm.o
                0x0000000000ff0bf0                vgm_read
                0x0000000000ff0c10                vgm_setup
 *fill*         0x0000000000ff0c3a        0x2 
 .data          0x0000000000ff0c3c      0xc74 vgm_player.o
                0x0000000000ff0c3c                fm_init
                0x0000000000ff0cac                fm_setup
                0x0000000000ff0e5c                fm_play
                0x0000000000ff187c                fm_ptr
                0x0000000000ff1880                fm_cnt
                0x0000000000ff1884                fm_loop
                0x0000000000ff189c                pcm_ptr
                0x0000000000ff18a0                vgm_ptr
                0x0000000000ff18a4                fm_rep
                0x0000000000ff18a6                fm_idx
                0x0000000000ff18a8                fm_smpl
                0x0000000000ff18aa                fm_tick
                0x0000000000ff18ac                fm_ttt
                0x0000000000ff18ae                fm_csm
 .data          0x0000000000ff18b0      0x1fe xvprintf.o
                0x0000000000ff18b0                xvprintf
 *fill*         0x0000000000ff1aae        0x2 
 .data          0x0000000000ff1ab0        0x0 /opt/toolchains/sega/m68k-elf/m68k-elf/lib/libc.a(lib_a-memcmp.o)
 .data          0x0000000000ff1ab0        0x0 /opt/toolchains/sega/m68k-elf/m68k-elf/lib/libc.a(lib_a-memcpy.o)
 .data          0x0000000000ff1ab0        0x0 /opt/toolchains/sega/m68k-elf/m68k-elf/lib/libc.a(lib_a-memset.o)
 .data          0x0000000000ff1ab0        0x0 /opt/toolchains/sega/m68k-elf/lib/gcc/m68k-elf/9.1.0/libgcc.a(_divsi3.o)
 .data          0x0000000000ff1ab0        0x0 /opt/toolchains/sega/m68k-elf/lib/gcc/m68k-elf/9.1.0/libgcc.a(_modsi3.o)
 .data          0x0000000000ff1ab0        0x0 /opt/toolchains/sega/m68k-elf/lib/gcc/m68k-elf/9.1.0/libgcc.a(_mulsi3.o)
 .data          0x0000000000ff1ab0        0x0 /opt/toolchains/sega/m68k-elf/lib/gcc/m68k-elf/9.1.0/libgcc.a(_udivsi3.o)
 *(.data.*)
 *(.gnu.linkonce.d.*)
 *(.lit8)
 *(.lit4)
 *(.sdata)
 *(.sdata.*)
 *(.gnu.linkonce.s.*)
                0x0000000000ff1ab0                . = ALIGN (0x8)
                0x0000000000ff1ab0                __data_end = .
                0x0000000000001ab0                __data_size = (__data_end - __data_start)

.bss            0x0000000000ff1ab0     0x8020 load address 0x0000000000003500
                0x0000000000ff1ab0                __bss_start = .
 *(.bss)
 .bss           0x0000000000ff1ab0        0x0 crt0.o
 .bss           0x0000000000ff1ab0        0x0 font.o
 .bss           0x0000000000ff1ab0        0x4 main.o
 .bss           0x0000000000ff1ab4        0x0 kos.o
 .bss           0x0000000000ff1ab4        0x0 cd.o
 .bss           0x0000000000ff1ab4        0x0 lzss.o
 .bss           0x0000000000ff1ab4     0x8018 vgm.o
 .bss           0x0000000000ff9acc        0x0 vgm_player.o
 .bss           0x0000000000ff9acc        0x0 xvprintf.o
 .bss           0x0000000000ff9acc        0x0 /opt/toolchains/sega/m68k-elf/m68k-elf/lib/libc.a(lib_a-memcmp.o)
 .bss           0x0000000000ff9acc        0x0 /opt/toolchains/sega/m68k-elf/m68k-elf/lib/libc.a(lib_a-memcpy.o)
 .bss           0x0000000000ff9acc        0x0 /opt/toolchains/sega/m68k-elf/m68k-elf/lib/libc.a(lib_a-memset.o)
 .bss           0x0000000000ff9acc        0x0 /opt/toolchains/sega/m68k-elf/lib/gcc/m68k-elf/9.1.0/libgcc.a(_divsi3.o)
 .bss           0x0000000000ff9acc        0x0 /opt/toolchains/sega/m68k-elf/lib/gcc/m68k-elf/9.1.0/libgcc.a(_modsi3.o)
 .bss           0x0000000000ff9acc        0x0 /opt/toolchains/sega/m68k-elf/lib/gcc/m68k-elf/9.1.0/libgcc.a(_mulsi3.o)
 .bss           0x0000000000ff9acc        0x0 /opt/toolchains/sega/m68k-elf/lib/gcc/m68k-elf/9.1.0/libgcc.a(_udivsi3.o)
 *(.bss.*)
 *(.gnu.linkonce.b.*)
 *(.sbss)
 *(.sbss.*)
 *(.gnu.linkonce.sb.*)
 *(.scommon)
 *(COMMON)
                0x0000000000ff9ad0                . = ALIGN (0x8)
 *fill*         0x0000000000ff9acc        0x4 
                0x0000000000ff9ad0                end = .
                0x0000000000ff9ad0                _end = end
                0x0000000000ff9ad0                __end = _end
                0x0000000000ff9ad0                __bss_end = .
                0x0000000000008020                __bss_size = (__bss_end - __bss_start)
OUTPUT(m68k.elf elf32-m68k)

.comment        0x0000000000000000       0x11
 .comment       0x0000000000000000       0x11 main.o
                                         0x12 (size before relaxing)
 .comment       0x0000000000000011       0x12 lzss.o
 .comment       0x0000000000000011       0x12 vgm.o
 .comment       0x0000000000000011       0x12 xvprintf.o
 .comment       0x0000000000000011       0x12 /opt/toolchains/sega/m68k-elf/m68k-elf/lib/libc.a(lib_a-memcmp.o)

.debug_info     0x0000000000000000      0xaa8
 .debug_info    0x0000000000000000      0x9c4 /opt/toolchains/sega/m68k-elf/m68k-elf/lib/libc.a(lib_a-memcmp.o)
 .debug_info    0x00000000000009c4       0x26 /opt/toolchains/sega/m68k-elf/m68k-elf/lib/libc.a(lib_a-memcpy.o)
 .debug_info    0x00000000000009ea       0x26 /opt/toolchains/sega/m68k-elf/m68k-elf/lib/libc.a(lib_a-memset.o)
 .debug_info    0x0000000000000a10       0x26 /opt/toolchains/sega/m68k-elf/lib/gcc/m68k-elf/9.1.0/libgcc.a(_divsi3.o)
 .debug_info    0x0000000000000a36       0x26 /opt/toolchains/sega/m68k-elf/lib/gcc/m68k-elf/9.1.0/libgcc.a(_modsi3.o)
 .debug_info    0x0000000000000a5c       0x26 /opt/toolchains/sega/m68k-elf/lib/gcc/m68k-elf/9.1.0/libgcc.a(_mulsi3.o)
 .debug_info    0x0000000000000a82       0x26 /opt/toolchains/sega/m68k-elf/lib/gcc/m68k-elf/9.1.0/libgcc.a(_udivsi3.o)

.debug_abbrev   0x0000000000000000      0x276
 .debug_abbrev  0x0000000000000000      0x1fe /opt/toolchains/sega/m68k-elf/m68k-elf/lib/libc.a(lib_a-memcmp.o)
 .debug_abbrev  0x00000000000001fe       0x14 /opt/toolchains/sega/m68k-elf/m68k-elf/lib/libc.a(lib_a-memcpy.o)
 .debug_abbrev  0x0000000000000212       0x14 /opt/toolchains/sega/m68k-elf/m68k-elf/lib/libc.a(lib_a-memset.o)
 .debug_abbrev  0x0000000000000226       0x14 /opt/toolchains/sega/m68k-elf/lib/gcc/m68k-elf/9.1.0/libgcc.a(_divsi3.o)
 .debug_abbrev  0x000000000000023a       0x14 /opt/toolchains/sega/m68k-elf/lib/gcc/m68k-elf/9.1.0/libgcc.a(_modsi3.o)
 .debug_abbrev  0x000000000000024e       0x14 /opt/toolchains/sega/m68k-elf/lib/gcc/m68k-elf/9.1.0/libgcc.a(_mulsi3.o)
 .debug_abbrev  0x0000000000000262       0x14 /opt/toolchains/sega/m68k-elf/lib/gcc/m68k-elf/9.1.0/libgcc.a(_udivsi3.o)

.debug_loc      0x0000000000000000      0x168
 .debug_loc     0x0000000000000000      0x168 /opt/toolchains/sega/m68k-elf/m68k-elf/lib/libc.a(lib_a-memcmp.o)

.debug_aranges  0x0000000000000000       0xe0
 .debug_aranges
                0x0000000000000000       0x20 /opt/toolchains/sega/m68k-elf/m68k-elf/lib/libc.a(lib_a-memcmp.o)
 .debug_aranges
                0x0000000000000020       0x20 /opt/toolchains/sega/m68k-elf/m68k-elf/lib/libc.a(lib_a-memcpy.o)
 .debug_aranges
                0x0000000000000040       0x20 /opt/toolchains/sega/m68k-elf/m68k-elf/lib/libc.a(lib_a-memset.o)
 .debug_aranges
                0x0000000000000060       0x20 /opt/toolchains/sega/m68k-elf/lib/gcc/m68k-elf/9.1.0/libgcc.a(_divsi3.o)
 .debug_aranges
                0x0000000000000080       0x20 /opt/toolchains/sega/m68k-elf/lib/gcc/m68k-elf/9.1.0/libgcc.a(_modsi3.o)
 .debug_aranges
                0x00000000000000a0       0x20 /opt/toolchains/sega/m68k-elf/lib/gcc/m68k-elf/9.1.0/libgcc.a(_mulsi3.o)
 .debug_aranges
                0x00000000000000c0       0x20 /opt/toolchains/sega/m68k-elf/lib/gcc/m68k-elf/9.1.0/libgcc.a(_udivsi3.o)

.debug_line     0x0000000000000000      0x4b9
 .debug_line    0x0000000000000000      0x1c8 /opt/toolchains/sega/m68k-elf/m68k-elf/lib/libc.a(lib_a-memcmp.o)
 .debug_line    0x00000000000001c8       0x90 /opt/toolchains/sega/m68k-elf/m68k-elf/lib/libc.a(lib_a-memcpy.o)
 .debug_line    0x0000000000000258       0x94 /opt/toolchains/sega/m68k-elf/m68k-elf/lib/libc.a(lib_a-memset.o)
 .debug_line    0x00000000000002ec       0x72 /opt/toolchains/sega/m68k-elf/lib/gcc/m68k-elf/9.1.0/libgcc.a(_divsi3.o)
 .debug_line    0x000000000000035e       0x6e /opt/toolchains/sega/m68k-elf/lib/gcc/m68k-elf/9.1.0/libgcc.a(_modsi3.o)
 .debug_line    0x00000000000003cc       0x6a /opt/toolchains/sega/m68k-elf/lib/gcc/m68k-elf/9.1.0/libgcc.a(_mulsi3.o)
 .debug_line    0x0000000000000436       0x83 /opt/toolchains/sega/m68k-elf/lib/gcc/m68k-elf/9.1.0/libgcc.a(_udivsi3.o)

.debug_str      0x0000000000000000      0x619
 .debug_str     0x0000000000000000      0x4dc /opt/toolchains/sega/m68k-elf/m68k-elf/lib/libc.a(lib_a-memcmp.o)
                                        0x535 (size before relaxing)
 .debug_str     0x00000000000004dc       0x97 /opt/toolchains/sega/m68k-elf/m68k-elf/lib/libc.a(lib_a-memcpy.o)
 .debug_str     0x0000000000000573       0x41 /opt/toolchains/sega/m68k-elf/m68k-elf/lib/libc.a(lib_a-memset.o)
                                         0x97 (size before relaxing)
 .debug_str     0x00000000000005b4       0x65 /opt/toolchains/sega/m68k-elf/lib/gcc/m68k-elf/9.1.0/libgcc.a(_divsi3.o)
                                         0x71 (size before relaxing)
 .debug_str     0x0000000000000619       0x71 /opt/toolchains/sega/m68k-elf/lib/gcc/m68k-elf/9.1.0/libgcc.a(_modsi3.o)
 .debug_str     0x0000000000000619       0x71 /opt/toolchains/sega/m68k-elf/lib/gcc/m68k-elf/9.1.0/libgcc.a(_mulsi3.o)
 .debug_str     0x0000000000000619       0x71 /opt/toolchains/sega/m68k-elf/lib/gcc/m68k-elf/9.1.0/libgcc.a(_udivsi3.o)

.debug_frame    0x0000000000000000       0x30
 .debug_frame   0x0000000000000000       0x30 /opt/toolchains/sega/m68k-elf/m68k-elf/lib/libc.a(lib_a-memcmp.o)
